Archive member included because of file (symbol)

e:/asctec_arm_sdk/winarm/bin/../lib/gcc/arm-elf/4.1.1/../../../../arm-elf/lib/thumb/interwork\libc.a(memcpy.o)
                              LL_HL_comm.o (memcpy)
e:/asctec_arm_sdk/winarm/bin/../lib/gcc/arm-elf/4.1.1/../../../../arm-elf/lib/thumb/interwork\libc.a(printf.o)
                              i2c.o (printf)
e:/asctec_arm_sdk/winarm/bin/../lib/gcc/arm-elf/4.1.1/../../../../arm-elf/lib/thumb/interwork\libc.a(puts.o)
                              i2c.o (puts)
e:/asctec_arm_sdk/winarm/bin/../lib/gcc/arm-elf/4.1.1/../../../../arm-elf/lib/thumb/interwork\libc.a(sprintf.o)
                              sdk_telemetry.o (sprintf)
e:/asctec_arm_sdk/winarm/bin/../lib/gcc/arm-elf/4.1.1/../../../../arm-elf/lib/thumb/interwork\libc.a(strcpy.o)
                              asctecCommIntfOnboard.o (strcpy)
e:/asctec_arm_sdk/winarm/bin/../lib/gcc/arm-elf/4.1.1/../../../../arm-elf/lib/thumb/interwork\libc.a(strlen.o)
                              asctecCommIntfOnboard.o (strlen)
e:/asctec_arm_sdk/winarm/bin/../lib/gcc/arm-elf/4.1.1/../../../../arm-elf/lib/thumb/interwork\libc.a(vfprintf.o)
                              e:/asctec_arm_sdk/winarm/bin/../lib/gcc/arm-elf/4.1.1/../../../../arm-elf/lib/thumb/interwork\libc.a(printf.o) (_vfprintf_r)
e:/asctec_arm_sdk/winarm/bin/../lib/gcc/arm-elf/4.1.1/../../../../arm-elf/lib/thumb/interwork\libc.a(wcrtomb.o)
                              e:/asctec_arm_sdk/winarm/bin/../lib/gcc/arm-elf/4.1.1/../../../../arm-elf/lib/thumb/interwork\libc.a(vfprintf.o) (_wcrtomb_r)
e:/asctec_arm_sdk/winarm/bin/../lib/gcc/arm-elf/4.1.1/../../../../arm-elf/lib/thumb/interwork\libc.a(wcsrtombs.o)
                              e:/asctec_arm_sdk/winarm/bin/../lib/gcc/arm-elf/4.1.1/../../../../arm-elf/lib/thumb/interwork\libc.a(vfprintf.o) (_wcsrtombs_r)
e:/asctec_arm_sdk/winarm/bin/../lib/gcc/arm-elf/4.1.1/../../../../arm-elf/lib/thumb/interwork\libc.a(wctomb_r.o)
                              e:/asctec_arm_sdk/winarm/bin/../lib/gcc/arm-elf/4.1.1/../../../../arm-elf/lib/thumb/interwork\libc.a(wcrtomb.o) (_wctomb_r)
e:/asctec_arm_sdk/winarm/bin/../lib/gcc/arm-elf/4.1.1/../../../../arm-elf/lib/thumb/interwork\libc.a(wsetup.o)
                              e:/asctec_arm_sdk/winarm/bin/../lib/gcc/arm-elf/4.1.1/../../../../arm-elf/lib/thumb/interwork\libc.a(vfprintf.o) (__swsetup)
e:/asctec_arm_sdk/winarm/bin/../lib/gcc/arm-elf/4.1.1/../../../../arm-elf/lib/thumb/interwork\libc.a(dtoa.o)
                              e:/asctec_arm_sdk/winarm/bin/../lib/gcc/arm-elf/4.1.1/../../../../arm-elf/lib/thumb/interwork\libc.a(vfprintf.o) (_dtoa_r)
e:/asctec_arm_sdk/winarm/bin/../lib/gcc/arm-elf/4.1.1/../../../../arm-elf/lib/thumb/interwork\libc.a(fflush.o)
                              e:/asctec_arm_sdk/winarm/bin/../lib/gcc/arm-elf/4.1.1/../../../../arm-elf/lib/thumb/interwork\libc.a(vfprintf.o) (fflush)
e:/asctec_arm_sdk/winarm/bin/../lib/gcc/arm-elf/4.1.1/../../../../arm-elf/lib/thumb/interwork\libc.a(findfp.o)
                              e:/asctec_arm_sdk/winarm/bin/../lib/gcc/arm-elf/4.1.1/../../../../arm-elf/lib/thumb/interwork\libc.a(vfprintf.o) (__sinit)
e:/asctec_arm_sdk/winarm/bin/../lib/gcc/arm-elf/4.1.1/../../../../arm-elf/lib/thumb/interwork\libc.a(freer.o)
                              e:/asctec_arm_sdk/winarm/bin/../lib/gcc/arm-elf/4.1.1/../../../../arm-elf/lib/thumb/interwork\libc.a(vfprintf.o) (_free_r)
e:/asctec_arm_sdk/winarm/bin/../lib/gcc/arm-elf/4.1.1/../../../../arm-elf/lib/thumb/interwork\libc.a(fvwrite.o)
                              e:/asctec_arm_sdk/winarm/bin/../lib/gcc/arm-elf/4.1.1/../../../../arm-elf/lib/thumb/interwork\libc.a(puts.o) (__sfvwrite)
e:/asctec_arm_sdk/winarm/bin/../lib/gcc/arm-elf/4.1.1/../../../../arm-elf/lib/thumb/interwork\libc.a(fwalk.o)
                              e:/asctec_arm_sdk/winarm/bin/../lib/gcc/arm-elf/4.1.1/../../../../arm-elf/lib/thumb/interwork\libc.a(fflush.o) (_fwalk)
e:/asctec_arm_sdk/winarm/bin/../lib/gcc/arm-elf/4.1.1/../../../../arm-elf/lib/thumb/interwork\libc.a(impure.o)
                              e:/asctec_arm_sdk/winarm/bin/../lib/gcc/arm-elf/4.1.1/../../../../arm-elf/lib/thumb/interwork\libc.a(printf.o) (_impure_ptr)
e:/asctec_arm_sdk/winarm/bin/../lib/gcc/arm-elf/4.1.1/../../../../arm-elf/lib/thumb/interwork\libc.a(locale.o)
                              e:/asctec_arm_sdk/winarm/bin/../lib/gcc/arm-elf/4.1.1/../../../../arm-elf/lib/thumb/interwork\libc.a(vfprintf.o) (localeconv)
e:/asctec_arm_sdk/winarm/bin/../lib/gcc/arm-elf/4.1.1/../../../../arm-elf/lib/thumb/interwork\libc.a(makebuf.o)
                              e:/asctec_arm_sdk/winarm/bin/../lib/gcc/arm-elf/4.1.1/../../../../arm-elf/lib/thumb/interwork\libc.a(wsetup.o) (__smakebuf)
e:/asctec_arm_sdk/winarm/bin/../lib/gcc/arm-elf/4.1.1/../../../../arm-elf/lib/thumb/interwork\libc.a(mallocr.o)
[...]
Memory Configuration

Name             Origin             Length             Attributes
ROM              0x00000000         0x00080000         xr
RAM              0x40000000         0x00008000         rw
*default*        0x00000000         0xffffffff

Linker script and memory map

LOAD Common_WinARM/src/Startup.o
LOAD Common_WinARM/src/swi_handler.o
LOAD LL_HL_comm.o
LOAD mymath.o
LOAD gpsmath.o
LOAD sdk.o
LOAD sdk_telemetry.o
LOAD buzzer.o
LOAD lpc_aci_eeprom.o
LOAD asctecCommIntfOnboard.o
LOAD buildInfoSetup.o
LOAD main.o
LOAD hardware.o
LOAD system.o
LOAD uart.o
LOAD syscalls.o
LOAD i2c.o
LOAD i2c1.o
LOAD Common_WinARM/src/irq.o
LOAD adc.o
LOAD ssp.o
LOAD pelican_ptu.o
LOAD jetiTelemetry.o
LOAD LPC2k_ee.o
LOAD e:/asctec_arm_sdk/winarm/bin/../lib/gcc/arm-elf/4.1.1/../../../../arm-elf/lib/thumb/interwork\libc.a
LOAD e:/asctec_arm_sdk/winarm/bin/../lib/gcc/arm-elf/4.1.1/../../../../arm-elf/lib/thumb/interwork\libc.a
LOAD e:/asctec_arm_sdk/winarm/bin/../lib/gcc/arm-elf/4.1.1/thumb/interwork\libgcc.a
LOAD ./\libdeclination.a
LOAD ./\libublox.a
LOAD e:/asctec_arm_sdk/winarm/bin/../lib/gcc/arm-elf/4.1.1/../../../../arm-elf/lib/thumb/interwork\libm.a
START GROUP
LOAD e:/asctec_arm_sdk/winarm/bin/../lib/gcc/arm-elf/4.1.1/thumb/interwork\libgcc.a
LOAD e:/asctec_arm_sdk/winarm/bin/../lib/gcc/arm-elf/4.1.1/../../../../arm-elf/lib/thumb/interwork\libg.a
LOAD e:/asctec_arm_sdk/winarm/bin/../lib/gcc/arm-elf/4.1.1/../../../../arm-elf/lib/thumb/interwork\libc.a
END GROUP

.text           0x00000000    0x1a4dc
 *(.vectorg)
 .vectorg       0x00000000       0x98 Common_WinARM/src/Startup.o
                0x00000050                __IRQ_Wrapper
 .vectorg       0x00000098       0xd0 Common_WinARM/src/swi_handler.o
                0x00000098                SoftwareInterrupt
                0x00000168                . = ALIGN (0x4)
 *(.init)
 .init          0x00000168      0x168 Common_WinARM/src/Startup.o
                0x00000294                __exit_THUMB
                0x00000168                __startup
                0x00000290                __exit_ARM
 *(.text .text.*)
 .text          0x000002d0        0x0 Common_WinARM/src/Startup.o
 .text          0x000002d0       0x38 Common_WinARM/src/swi_handler.o
                0x000002e0                IntGetCPSR
                0x00000300                FiqDisable
                0x000002d0                IntRestore
                0x000002f0                IntDisable
                0x000002d8                FiqRestore
                0x000002e8                IntEnable
                0x000002f8                FiqEnable
 .text          0x00000308     0x12fc LL_HL_comm.o
                0x00000dbc                SSP_data_distribution_HL
                0x00000308                LL_write_ctrl_data
                0x00000424                HL2LL_write_cycle
                0x0000112c                SSP_rx_handler_HL
 .text          0x00001604       0x64 mymath.o
                0x00001610                fast_sqrt
                0x00001604                fast_abs
 .text          0x00001668      0x104 gpsmath.o
                0x00001668                xy2latlon
 .text          0x0000176c      0xa78 sdk.o
                0x0000191c                SDK_EXAMPLE_attitude_commands
                0x00001870                SDK_EXAMPLE_direct_motor_commands_with_standard_output_mapping
                0x000021a4                SDK_mainloop
                0x0000176c                SDK_SetEmergencyMode
                0x000017a8                SDK_EXAMPLE_direct_individual_motor_commands
                0x00001a70                laser_measurement
                0x000019e0                SDK_EXAMPLE_turn_motors_off
                0x00001950                SDK_EXAMPLE_turn_motors_on
                0x00001afc                SDK_EXAMPLE_gps_waypoint_control
 .text          0x000021e4      0x7ec sdk_telemetry.o
                0x000021e4                SDK_jetiAscTecExampleUpdateDisplay
                0x00002578                SDK_jetiAscTecExampleKeyChange
                0x00002344                SDK_jetiAscTecExampleInit
                0x00002714                SDK_jetiAscTecExampleRun
 .text          0x000029d0      0x5e4 buzzer.o
                0x000029f8                buzzer_handler
                0x000029d0                buzzer
 .text          0x00002fb4      0x3a0 lpc_aci_eeprom.o
                0x00003160                lpc_aci_ReadParafromFlash
                0x00003020                lpc_aci_SavePara
                0x00003308                lpc_aci_init
                0x00002fb4                lpc_aci_WriteParatoFlash
 .text          0x00003354     0x2b5c asctecCommIntfOnboard.o
                0x000034ac                aciTxRingBufferReset
                0x00004410                aciSyncVar
                0x00003ce8                aciSendVar
                0x00003940                aciPublishVariableInt
                0x000035e8                aciPublishParameterInt
                0x000058c0                aciReceiveHandler
                0x00003afc                aciSetSaveParaCallback
                0x00005aa0                aciSingleSend
                0x00003aec                aciSetReadParafromFlashCallback
                0x00004280                aciSyncCmd
                0x00003524                aciTxRingBufferGetNextByte
                0x00003c10                aciTxSendPacket
                0x000044b4                aciRxHandleMessage
                0x00003b1c                aciTxRingBufferAddData
                0x00003354                aciInit
                0x00005d30                aciEngine
                0x000035a8                aciUpdateCrc16
                0x00003794                aciPublishCommandInt
                0x0000349c                aciSetStartTxCallback
                0x000034cc                aciTxRingBufferGetFreeSpace
                0x00003b0c                aciSetWriteParatoFlashCallback
                0x00005c40                aciSendSingleWithAck
                0x000040f0                aciSyncPar
                0x0000357c                aciCrcUpdate
                0x0000350c                aciTxRingBufferByteAvailable
 .text          0x00005eb0      0x1bc buildInfoSetup.o
                0x00005eb0                generateBuildInfo
 .text          0x0000606c      0xd3c main.o
                0x0000606c                timer0ISR
                0x000064e4                mainloop
                0x00006154                main
                0x000068f4                ACISDK
 .text          0x00006da8       0x8c hardware.o
                0x00006da8                LED
 .text          0x00006e34      0x58c system.o
                0x00007010                init_timer0
                0x000071a4                init_spi1
                0x000070b8                PWM_Init
                0x00006f68                init_ports
                0x00006e34                init
                0x0000716c                init_spi
                0x00006ebc                init_interrupts
                0x00007378                delay
                0x000072c0                processorClockFrequency
                0x00007280                pll_feed
                0x00007240                pll_init
                0x000072e0                peripheralClockFrequency
 .text          0x000073c0      0xeb4 uart.o
                0x0000788c                UARTWriteChar
                0x000077e0                UART1Initialize
                0x00007b50                UART_send_ringbuffer
                0x000079bc                __putchar
                0x0000792c                UARTReadChar
                0x00007974                UART1ReadChar
                0x000073c0                uart1ISR
                0x00007a00                UART_send
                0x00007e08                crc16
                0x00007d18                crc_update
                0x00008088                ringbuffer1
                0x00007490                uart0ISR
                0x00007c20                UART_SendPacket
                0x00007e9c                ringbuffer
                0x00007734                UARTInitialize
                0x000078dc                UART1WriteChar
                0x00007bb8                UART1_send_ringbuffer
                0x00007abc                UART1_send
 .text          0x00008274      0x2b4 syscalls.o
                0x0000841c                _lseek_r
                0x00008450                _fstat_r
                0x0000848c                isatty
                0x000084b4                _sbrk_r
                0x00008274                _read_r
                0x000083f0                _close_r
                0x00008354                _write_r
 .text          0x00008528      0xf44 i2c.o
                0x000089c4                I2C0_send_motordata
                0x00008c14                I2CEngine
                0x00009044                I2C0ReadByte
                0x00008e1c                I2C0TX_Byte
                0x00008528                I2C0MasterHandler
                0x00008a70                I2CStart
                0x00008e84                I2C0RX_Byte
                0x00008edc                I2C0WriteByte
                0x00009344                read_byte
                0x00008b04                I2CStop
                0x00008d20                I2C0SendStart
                0x00008b60                I2CInit
                0x00008d74                I2C0SendStop
                0x00009288                write_byte
                0x00008ca4                I2C0WaitForSI
 .text          0x0000946c     0x1048 i2c1.o
                0x00009760                fireFlyLedHandler
                0x0000946c                I2C1MasterHandler
                0x0000a29c                I2C1_setRGBLed
                0x0000a488                I2C1State
                0x0000a414                I2C1Engine
                0x0000a3a0                I2C1Init
 .text          0x0000a4b4      0x2d8 Common_WinARM/src/irq.o
                0x0000a5a0                install_irq
                0x0000a694                uninstall_irq
                0x0000a4dc                init_VIC
 .text          0x0000a78c      0x3ec adc.o
                0x0000aa9c                ADC0getSamplingResults
                0x0000a78c                ADCInit
                0x0000a950                ADC1Read
                0x0000a814                ADC0Read
                0x0000aa58                ADC0triggerSampling
 .text          0x0000ab78      0x420 ssp.o
                0x0000ad90                LL_write
                0x0000ad50                LL_write_init
                0x0000ab78                SSPHandler
 .text          0x0000af98      0x928 pelican_ptu.o
                0x0000af98                PTU_init
                0x0000b49c                SERVO_roll_move
                0x0000b57c                PTU_update_middle_positions_by_stick
                0x0000b0b8                PTU_update
                0x0000b3b4                SERVO_pitch_move
 .text          0x0000b8c0     0x1090 jetiTelemetry.o
                0x0000c404                jetiSetValueDate
                0x0000ba08                jetiSetDeviceName
                0x0000bf54                jetiSetValue6B
                0x0000bc6c                jetiSetValue30B
                0x0000bddc                jetiSetValue22B
                0x0000bb48                jetiDeactivateValue
                0x0000c23c                jetiSetValueTime
                0x0000c5f8                jetiSetTextDisplay
                0x0000b964                jetiSetAlarm
                0x0000c0c4                jetiSetValue14B
                0x0000bbc4                jetiSetDecimalPoint
                0x0000b904                jetiCheckForKeyChange
                0x0000b8c0                jetiSetKeyChanged
                0x0000bac0                jetiActivateValue
                0x0000c744                jetiInitValue
 .text          0x0000c950      0x69c LPC2k_ee.o
                0x0000cf64                enter_isp
                0x0000c950                ee_erase
                0x0000ccb0                ee_read
                0x0000ca8c                ee_write
                0x0000cda8                ee_count
                0x0000cd40                ee_readn
                0x0000ce1c                ee_locate
 .text          0x0000cfec       0x20 e:/asctec_arm_sdk/winarm/bin/../lib/gcc/arm-elf/4.1.1/../../../../arm-elf/lib/thumb/interwork\libc.a(memcpy.o)
                0x0000cfec                memcpy
 .text          0x0000d00c       0x40 e:/asctec_arm_sdk/winarm/bin/../lib/gcc/arm-elf/4.1.1/../../../../arm-elf/lib/thumb/interwork\libc.a(printf.o)
                0x0000d00c                printf
                0x0000d030                _printf_r
 .text          0x0000d04c       0x5c e:/asctec_arm_sdk/winarm/bin/../lib/gcc/arm-elf/4.1.1/../../../../arm-elf/lib/thumb/interwork\libc.a(puts.o)
                0x0000d04c                _puts_r
                0x0000d094                puts
 .text          0x0000d0a8       0x84 e:/asctec_arm_sdk/winarm/bin/../lib/gcc/arm-elf/4.1.1/../../../../arm-elf/lib/thumb/interwork\libc.a(sprintf.o)
                0x0000d0ec                _sprintf_r
                0x0000d0a8                sprintf
 .text          0x0000d12c       0x10 e:/asctec_arm_sdk/winarm/bin/../lib/gcc/arm-elf/4.1.1/../../../../arm-elf/lib/thumb/interwork\libc.a(strcpy.o)
                0x0000d12c                strcpy
 .text          0x0000d13c       0x10 e:/asctec_arm_sdk/winarm/bin/../lib/gcc/arm-elf/4.1.1/../../../../arm-elf/lib/thumb/interwork\libc.a(strlen.o)
                0x0000d13c                strlen
 .text          0x0000d14c     0x1460 e:/asctec_arm_sdk/winarm/bin/../lib/gcc/arm-elf/4.1.1/../../../../arm-elf/lib/thumb/interwork\libc.a(vfprintf.o)
                0x0000d16c                _vfprintf_r
                0x0000e58c                vfprintf
 .text          0x0000e5ac       0x50 e:/asctec_arm_sdk/winarm/bin/../lib/gcc/arm-elf/4.1.1/../../../../arm-elf/lib/thumb/interwork\libc.a(wcrtomb.o)
                0x0000e5ac                _wcrtomb_r
                0x0000e5dc                wcrtomb
 .text          0x0000e5fc       0xd8 e:/asctec_arm_sdk/winarm/bin/../lib/gcc/arm-elf/4.1.1/../../../../arm-elf/lib/thumb/interwork\libc.a(wcsrtombs.o)
                0x0000e5fc                _wcsrtombs_r
                0x0000e6ac                wcsrtombs
 .text          0x0000e6d4      0x2b0 e:/asctec_arm_sdk/winarm/bin/../lib/gcc/arm-elf/4.1.1/../../../../arm-elf/lib/thumb/interwork\libc.a(wctomb_r.o)
                0x0000e6d4                _wctomb_r
 .text          0x0000e984       0x94 e:/asctec_arm_sdk/winarm/bin/../lib/gcc/arm-elf/4.1.1/../../../../arm-elf/lib/thumb/interwork\libc.a(wsetup.o)
                0x0000e984                __swsetup
 .text          0x0000ea18      0xd30 e:/asctec_arm_sdk/winarm/bin/../lib/gcc/arm-elf/4.1.1/../../../../arm-elf/lib/thumb/interwork\libc.a(dtoa.o)
                0x0000eb4c                _dtoa_r
 .text          0x0000f748       0x88 e:/asctec_arm_sdk/winarm/bin/../lib/gcc/arm-elf/4.1.1/../../../../arm-elf/lib/thumb/interwork\libc.a(fflush.o)
                0x0000f748                fflush
 .text          0x0000f7d0      0x1b0 e:/asctec_arm_sdk/winarm/bin/../lib/gcc/arm-elf/4.1.1/../../../../arm-elf/lib/thumb/interwork\libc.a(findfp.o)
                0x0000f808                __sinit
                0x0000f8a0                __sfmoreglue
                0x0000f88c                _cleanup
                0x0000f87c                _cleanup_r
                0x0000f8f0                __fp_lock_all
                0x0000f864                __sfp_lock_acquire
                0x0000f908                __sfp
                0x0000f870                __sinit_lock_release
                0x0000f8d8                __fp_unlock_all
                0x0000f868                __sfp_lock_release
                0x0000f86c                __sinit_lock_acquire
 .text          0x0000f980      0x248 e:/asctec_arm_sdk/winarm/bin/../lib/gcc/arm-elf/4.1.1/../../../../arm-elf/lib/thumb/interwork\libc.a(freer.o)
                0x0000fa20                _free_r
                0x0000f980                _malloc_trim_r
 .text          0x0000fbc8      0x25c e:/asctec_arm_sdk/winarm/bin/../lib/gcc/arm-elf/4.1.1/../../../../arm-elf/lib/thumb/interwork\libc.a(fvwrite.o)
                0x0000fbc8                __sfvwrite
 .text          0x0000fe24       0xb4 e:/asctec_arm_sdk/winarm/bin/../lib/gcc/arm-elf/4.1.1/../../../../arm-elf/lib/thumb/interwork\libc.a(fwalk.o)
                0x0000fe80                _fwalk
                0x0000fe24                _fwalk_reent
 .text          0x0000fed8        0x0 e:/asctec_arm_sdk/winarm/bin/../lib/gcc/arm-elf/4.1.1/../../../../arm-elf/lib/thumb/interwork\libc.a(impure.o)
 .text          0x0000fed8       0x78 e:/asctec_arm_sdk/winarm/bin/../lib/gcc/arm-elf/4.1.1/../../../../arm-elf/lib/thumb/interwork\libc.a(locale.o)
                0x0000feec                _setlocale_r
                0x0000fed8                __locale_charset
                0x0000fee4                _localeconv_r
                0x0000ff2c                setlocale
                0x0000ff48                localeconv
 .text          0x0000ff50       0xd8 e:/asctec_arm_sdk/winarm/bin/../lib/gcc/arm-elf/4.1.1/../../../../arm-elf/lib/thumb/interwork\libc.a(makebuf.o)
                0x0000ff50                __smakebuf
 .text          0x00010028      0x4ac e:/asctec_arm_sdk/winarm/bin/../lib/gcc/arm-elf/4.1.1/../../../../arm-elf/lib/thumb/interwork\libc.a(mallocr.o)
                0x00010028                _malloc_r
 .text          0x000104d4       0x18 e:/asctec_arm_sdk/winarm/bin/../lib/gcc/arm-elf/4.1.1/../../../../arm-elf/lib/thumb/interwork\libc.a(memchr.o)
                0x000104d4                memchr
 .text          0x000104ec       0x38 e:/asctec_arm_sdk/winarm/bin/../lib/gcc/arm-elf/4.1.1/../../../../arm-elf/lib/thumb/interwork\libc.a(memmove.o)
                0x000104ec                memmove
 .text          0x00010524       0x10 e:/asctec_arm_sdk/winarm/bin/../lib/gcc/arm-elf/4.1.1/../../../../arm-elf/lib/thumb/interwork\libc.a(memset.o)
                0x00010524                memset
 .text          0x00010534        0x8 e:/asctec_arm_sdk/winarm/bin/../lib/gcc/arm-elf/4.1.1/../../../../arm-elf/lib/thumb/interwork\libc.a(mlock.o)
                0x00010538                __malloc_unlock
                0x00010534                __malloc_lock
 .text          0x0001053c      0x834 e:/asctec_arm_sdk/winarm/bin/../lib/gcc/arm-elf/4.1.1/../../../../arm-elf/lib/thumb/interwork\libc.a(mprec.o)
                0x000107ac                _mprec_log10
                0x00010554                _hi0bits
                0x000107f0                _Balloc
                0x0001084c                _d2b
                0x00010a90                _multiply
                0x00010758                _ratio
                0x00010cec                _s2b
                0x00010bbc                _i2b
                0x0001059c                _lo0bits
                0x00010608                __mcmp
                0x00010c60                _pow5mult
                0x00010648                _ulp
                0x00010698                _b2d
                0x00010bd4                _multadd
                0x00010920                __mdiff
                0x00010a00                _lshift
                0x0001053c                _Bfree
 .text          0x00010d70      0x308 e:/asctec_arm_sdk/winarm/bin/../lib/gcc/arm-elf/4.1.1/../../../../arm-elf/lib/thumb/interwork\libc.a(reallocr.o)
                0x00010d70                _realloc_r
 .text          0x00011078       0x2c e:/asctec_arm_sdk/winarm/bin/../lib/gcc/arm-elf/4.1.1/../../../../arm-elf/lib/thumb/interwork\libc.a(s_isinf.o)
                0x00011078                isinf
 .text          0x000110a4       0x24 e:/asctec_arm_sdk/winarm/bin/../lib/gcc/arm-elf/4.1.1/../../../../arm-elf/lib/thumb/interwork\libc.a(s_isnan.o)
                0x000110a4                isnan
 .text          0x000110c8       0xd0 e:/asctec_arm_sdk/winarm/bin/../lib/gcc/arm-elf/4.1.1/../../../../arm-elf/lib/thumb/interwork\libc.a(stdio.o)
                0x000110e0                __sseek
                0x00011160                __sread
                0x000110c8                __sclose
                0x0001111c                __swrite
 .text          0x00011198       0x18 e:/asctec_arm_sdk/winarm/bin/../lib/gcc/arm-elf/4.1.1/../../../../arm-elf/lib/thumb/interwork\libc.a(strcmp.o)
                0x00011198                strcmp
 .text          0x000111b0       0x5c e:/asctec_arm_sdk/winarm/bin/../lib/gcc/arm-elf/4.1.1/../../../../arm-elf/lib/thumb/interwork\libc.a(callocr.o)
                0x000111b0                _calloc_r
 .text          0x0001120c       0xb8 e:/asctec_arm_sdk/winarm/bin/../lib/gcc/arm-elf/4.1.1/../../../../arm-elf/lib/thumb/interwork\libc.a(fclose.o)
                0x0001120c                _fclose_r
                0x000112ac                fclose
 .text          0x000112c4       0x8c e:/asctec_arm_sdk/winarm/bin/../lib/gcc/arm-elf/4.1.1/thumb/interwork\libgcc.a(_udivsi3.o)
                0x000112c4                __udivsi3
                0x000112c4                __aeabi_uidiv
                0x00011340                __aeabi_uidivmod
 .text          0x00011350       0xa4 e:/asctec_arm_sdk/winarm/bin/../lib/gcc/arm-elf/4.1.1/thumb/interwork\libgcc.a(_divsi3.o)
                0x00011350                __aeabi_idiv
                0x00011350                __divsi3
                0x000113e4                __aeabi_idivmod
 .text          0x000113f4       0xc8 e:/asctec_arm_sdk/winarm/bin/../lib/gcc/arm-elf/4.1.1/thumb/interwork\libgcc.a(_umodsi3.o)
                0x000113f4                __umodsi3
 .text          0x000114bc       0xd8 e:/asctec_arm_sdk/winarm/bin/../lib/gcc/arm-elf/4.1.1/thumb/interwork\libgcc.a(_modsi3.o)
                0x000114bc                __modsi3
 .text          0x00011594        0x4 e:/asctec_arm_sdk/winarm/bin/../lib/gcc/arm-elf/4.1.1/thumb/interwork\libgcc.a(_dvmd_tls.o)
                0x00011594                __aeabi_ldiv0
                0x00011594                __div0
                0x00011594                __aeabi_idiv0
 .text          0x00011598      0x430 e:/asctec_arm_sdk/winarm/bin/../lib/gcc/arm-elf/4.1.1/thumb/interwork\libgcc.a(_addsubdf3.o)
                0x0001195c                __floatdidf
                0x000118dc                __floatsidf
                0x000118b4                __aeabi_ui2d
                0x00011598                __aeabi_drsub
                0x00011908                __extendsfdf2
                0x000115a4                __adddf3
                0x000118b4                __floatunsidf
                0x000115a4                __aeabi_dadd
                0x00011948                __aeabi_ul2d
                0x000115a0                __aeabi_dsub
                0x00011948                __floatundidf
                0x000118dc                __aeabi_i2d
                0x0001195c                __aeabi_l2d
                0x00011908                __aeabi_f2d
                0x000115a0                __subdf3
 .text          0x000119c8      0x49c e:/asctec_arm_sdk/winarm/bin/../lib/gcc/arm-elf/4.1.1/thumb/interwork\libgcc.a(_muldivdf3.o)
                0x00011c58                __aeabi_ddiv
                0x000119c8                __aeabi_dmul
                0x00011c58                __divdf3
                0x000119c8                __muldf3
 .text          0x00011e64      0x140 e:/asctec_arm_sdk/winarm/bin/../lib/gcc/arm-elf/4.1.1/thumb/interwork\libgcc.a(_cmpdf2.o)
                0x00011f5c                __aeabi_dcmple
                0x00011e74                __cmpdf2
                0x00011e74                __eqdf2
                0x00011e64                __gtdf2
                0x00011f14                __aeabi_cdcmple
                0x00011ef8                __aeabi_cdrcmple
                0x00011e6c                __ltdf2
                0x00011f44                __aeabi_dcmplt
                0x00011e6c                __ledf2
                0x00011f8c                __aeabi_dcmpgt
                0x00011f74                __aeabi_dcmpge
                0x00011e74                __nedf2
                0x00011f2c                __aeabi_dcmpeq
                0x00011f14                __aeabi_cdcmpeq
                0x00011e64                __gedf2
 .text          0x00011fa4       0x5c e:/asctec_arm_sdk/winarm/bin/../lib/gcc/arm-elf/4.1.1/thumb/interwork\libgcc.a(_fixdfsi.o)
                0x00011fa4                __fixdfsi
                0x00011fa4                __aeabi_d2iz
 .text          0x00012000     0x3250 ./\libdeclination.a(declination.o)
                0x00014aac                geomg1
                0x00014b1c                getDeclination
                0x00014a44                geomag
 .text          0x00015250     0x1e88 ./\libublox.a(ublox.o)
                0x00015d78                uBloxReceiveHandler
                0x00015468                pollMessageRate
                0x0001643c                uBloxReceiveEngine
                0x000155c0                uBloxHandleMessage
                0x00015524                uBloxResetConfiguration
                0x000154c0                setMessageRate
                0x00015250                uBloxSendMessage
 .text          0x000170d8       0xa8 e:/asctec_arm_sdk/winarm/bin/../lib/gcc/arm-elf/4.1.1/../../../../arm-elf/lib/thumb/interwork\libm.a(s_cos.o)
                0x000170d8                cos
 .text          0x00017180       0xac e:/asctec_arm_sdk/winarm/bin/../lib/gcc/arm-elf/4.1.1/../../../../arm-elf/lib/thumb/interwork\libm.a(s_sin.o)
                0x00017180                sin
 .text          0x0001722c       0xc0 e:/asctec_arm_sdk/winarm/bin/../lib/gcc/arm-elf/4.1.1/../../../../arm-elf/lib/thumb/interwork\libm.a(w_atan2.o)
                0x0001722c                atan2
 .text          0x000172ec       0xb8 e:/asctec_arm_sdk/winarm/bin/../lib/gcc/arm-elf/4.1.1/../../../../arm-elf/lib/thumb/interwork\libm.a(w_sqrt.o)
                0x000172ec                sqrt
 .text          0x000173a4      0x20c e:/asctec_arm_sdk/winarm/bin/../lib/gcc/arm-elf/4.1.1/../../../../arm-elf/lib/thumb/interwork\libm.a(e_atan2.o)
                0x000173a4                __ieee754_atan2
 .text          0x000175b0      0x420 e:/asctec_arm_sdk/winarm/bin/../lib/gcc/arm-elf/4.1.1/../../../../arm-elf/lib/thumb/interwork\libm.a(e_rem_pio2.o)
                0x000175b0                __ieee754_rem_pio2
 .text          0x000179d0      0x1a0 e:/asctec_arm_sdk/winarm/bin/../lib/gcc/arm-elf/4.1.1/../../../../arm-elf/lib/thumb/interwork\libm.a(e_sqrt.o)
                0x000179d0                __ieee754_sqrt
 .text          0x00017b70      0x264 e:/asctec_arm_sdk/winarm/bin/../lib/gcc/arm-elf/4.1.1/../../../../arm-elf/lib/thumb/interwork\libm.a(k_cos.o)
                0x00017b70                __kernel_cos
 .text          0x00017dd4      0x744 e:/asctec_arm_sdk/winarm/bin/../lib/gcc/arm-elf/4.1.1/../../../../arm-elf/lib/thumb/interwork\libm.a(k_rem_pio2.o)
                0x00017dd4                __kernel_rem_pio2
 .text          0x00018518      0x178 e:/asctec_arm_sdk/winarm/bin/../lib/gcc/arm-elf/4.1.1/../../../../arm-elf/lib/thumb/interwork\libm.a(k_sin.o)
                0x00018518                __kernel_sin
 .text          0x00018690      0x35c e:/asctec_arm_sdk/winarm/bin/../lib/gcc/arm-elf/4.1.1/../../../../arm-elf/lib/thumb/interwork\libm.a(s_atan.o)
                0x00018690                atan
 .text          0x000189ec       0x18 e:/asctec_arm_sdk/winarm/bin/../lib/gcc/arm-elf/4.1.1/../../../../arm-elf/lib/thumb/interwork\libm.a(s_fabs.o)
                0x000189ec                fabs
 .text          0x00018a04      0x12c e:/asctec_arm_sdk/winarm/bin/../lib/gcc/arm-elf/4.1.1/../../../../arm-elf/lib/thumb/interwork\libm.a(s_floor.o)
                0x00018a04                floor
 .text          0x00018b30        0x0 e:/asctec_arm_sdk/winarm/bin/../lib/gcc/arm-elf/4.1.1/../../../../arm-elf/lib/thumb/interwork\libm.a(s_lib_ver.o)
 .text          0x00018b30        0x4 e:/asctec_arm_sdk/winarm/bin/../lib/gcc/arm-elf/4.1.1/../../../../arm-elf/lib/thumb/interwork\libm.a(s_matherr.o)
                0x00018b30                matherr
 .text          0x00018b34      0x110 e:/asctec_arm_sdk/winarm/bin/../lib/gcc/arm-elf/4.1.1/../../../../arm-elf/lib/thumb/interwork\libm.a(s_scalbn.o)
                0x00018b34                scalbn
 .text          0x00018c44       0x24 e:/asctec_arm_sdk/winarm/bin/../lib/gcc/arm-elf/4.1.1/../../../../arm-elf/lib/thumb/interwork\libm.a(s_copysign.o)
                0x00018c44                copysign
 .text          0x00018c68       0xa0 e:/asctec_arm_sdk/winarm/bin/../lib/gcc/arm-elf/4.1.1/thumb/interwork\libgcc.a(_truncdfsf2.o)
                0x00018c68                __aeabi_d2f
                0x00018c68                __truncdfsf2
 .text          0x00018d08      0x2ac e:/asctec_arm_sdk/winarm/bin/../lib/gcc/arm-elf/4.1.1/thumb/interwork\libgcc.a(_addsubsf3.o)
                0x00018d14                __aeabi_fadd
                0x00018d10                __subsf3
                0x00018ed8                __aeabi_i2f
                0x00018d10                __aeabi_fsub
                0x00018f08                __floatdisf
                0x00018ed8                __floatsisf
                0x00018ef8                __floatundisf
                0x00018ed0                __aeabi_ui2f
                0x00018f08                __aeabi_l2f
                0x00018ef8                __aeabi_ul2f
                0x00018d08                __aeabi_frsub
                0x00018ed0                __floatunsisf
                0x00018d14                __addsf3
 .text          0x00018fb4      0x2f8 e:/asctec_arm_sdk/winarm/bin/../lib/gcc/arm-elf/4.1.1/thumb/interwork\libgcc.a(_muldivsf3.o)
                0x0001914c                __divsf3
                0x0001914c                __aeabi_fdiv
                0x00018fb4                __mulsf3
                0x00018fb4                __aeabi_fmul
 .text          0x000192ac      0x110 e:/asctec_arm_sdk/winarm/bin/../lib/gcc/arm-elf/4.1.1/thumb/interwork\libgcc.a(_cmpsf2.o)
                0x000193a4                __aeabi_fcmpgt
                0x000192b4                __lesf2
                0x000192bc                __nesf2
                0x0001938c                __aeabi_fcmpge
                0x000192ac                __gtsf2
                0x00019374                __aeabi_fcmple
                0x000192bc                __eqsf2
                0x000192bc                __cmpsf2
                0x000192b4                __ltsf2
                0x0001932c                __aeabi_cfcmple
                0x000192ac                __gesf2
                0x00019344                __aeabi_fcmpeq
                0x0001931c                __aeabi_cfrcmple
                0x0001935c                __aeabi_fcmplt
                0x0001932c                __aeabi_cfcmpeq
 .text          0x000193bc       0x5c e:/asctec_arm_sdk/winarm/bin/../lib/gcc/arm-elf/4.1.1/thumb/interwork\libgcc.a(_fixsfsi.o)
                0x000193bc                __fixsfsi
                0x000193bc                __aeabi_f2iz
 .text          0x00019418        0xc e:/asctec_arm_sdk/winarm/bin/../lib/gcc/arm-elf/4.1.1/../../../../arm-elf/lib/thumb/interwork\libg.a(errno.o)
                0x00019418                __errno
 *(.gnu.linkonce.t.*)
 *(.glue_7)
 .glue_7        0x00019424        0x0 Common_WinARM/src/Startup.o
 .glue_7        0x00019424        0x0 Common_WinARM/src/swi_handler.o
 .glue_7        0x00019424        0x0 LL_HL_comm.o
 .glue_7        0x00019424        0x0 mymath.o
 .glue_7        0x00019424        0x0 gpsmath.o
 .glue_7        0x00019424        0x0 sdk.o
 .glue_7        0x00019424        0x0 sdk_telemetry.o
 .glue_7        0x00019424        0x0 buzzer.o
 .glue_7        0x00019424        0x0 lpc_aci_eeprom.o
 .glue_7        0x00019424        0x0 asctecCommIntfOnboard.o
 .glue_7        0x00019424        0x0 buildInfoSetup.o
 .glue_7        0x00019424        0x0 main.o
 .glue_7        0x00019424        0x0 hardware.o
 .glue_7        0x00019424        0x0 system.o
 .glue_7        0x00019424        0x0 uart.o
 .glue_7        0x00019424        0x0 syscalls.o
 .glue_7        0x00019424        0x0 i2c.o
 .glue_7        0x00019424        0x0 i2c1.o
 .glue_7        0x00019424        0x0 Common_WinARM/src/irq.o
 .glue_7        0x00019424        0x0 adc.o
 .glue_7        0x00019424        0x0 ssp.o
 .glue_7        0x00019424        0x0 pelican_ptu.o
 .glue_7        0x00019424        0x0 jetiTelemetry.o
 .glue_7        0x00019424        0x0 LPC2k_ee.o
 .glue_7        0x00019424        0x0 e:/asctec_arm_sdk/winarm/bin/../lib/gcc/arm-elf/4.1.1/../../../../arm-elf/lib/thumb/interwork\libc.a(memcpy.o)
 .glue_7        0x00019424        0x0 e:/asctec_arm_sdk/winarm/bin/../lib/gcc/arm-elf/4.1.1/../../../../arm-elf/lib/thumb/interwork\libc.a(printf.o)
 .glue_7        0x00019424        0x0 e:/asctec_arm_sdk/winarm/bin/../lib/gcc/arm-elf/4.1.1/../../../../arm-elf/lib/thumb/interwork\libc.a(puts.o)
 .glue_7        0x00019424        0x0 e:/asctec_arm_sdk/winarm/bin/../lib/gcc/arm-elf/4.1.1/../../../../arm-elf/lib/thumb/interwork\libc.a(sprintf.o)
 .glue_7        0x00019424        0x0 e:/asctec_arm_sdk/winarm/bin/../lib/gcc/arm-elf/4.1.1/../../../../arm-elf/lib/thumb/interwork\libc.a(strcpy.o)
 .glue_7        0x00019424        0x0 e:/asctec_arm_sdk/winarm/bin/../lib/gcc/arm-elf/4.1.1/../../../../arm-elf/lib/thumb/interwork\libc.a(strlen.o)
 .glue_7        0x00019424        0x0 e:/asctec_arm_sdk/winarm/bin/../lib/gcc/arm-elf/4.1.1/../../../../arm-elf/lib/thumb/interwork\libc.a(vfprintf.o)
 .glue_7        0x00019424        0x0 e:/asctec_arm_sdk/winarm/bin/../lib/gcc/arm-elf/4.1.1/../../../../arm-elf/lib/thumb/interwork\libc.a(wcrtomb.o)
 .glue_7        0x00019424        0x0 e:/asctec_arm_sdk/winarm/bin/../lib/gcc/arm-elf/4.1.1/../../../../arm-elf/lib/thumb/interwork\libc.a(wcsrtombs.o)
 .glue_7        0x00019424        0x0 e:/asctec_arm_sdk/winarm/bin/../lib/gcc/arm-elf/4.1.1/../../../../arm-elf/lib/thumb/interwork\libc.a(wctomb_r.o)
 .glue_7        0x00019424        0x0 e:/asctec_arm_sdk/winarm/bin/../lib/gcc/arm-elf/4.1.1/../../../../arm-elf/lib/thumb/interwork\libc.a(wsetup.o)
 .glue_7        0x00019424        0x0 e:/asctec_arm_sdk/winarm/bin/../lib/gcc/arm-elf/4.1.1/../../../../arm-elf/lib/thumb/interwork\libc.a(dtoa.o)
 .glue_7        0x00019424        0x0 e:/asctec_arm_sdk/winarm/bin/../lib/gcc/arm-elf/4.1.1/../../../../arm-elf/lib/thumb/interwork\libc.a(fflush.o)
 .glue_7        0x00019424        0x0 e:/asctec_arm_sdk/winarm/bin/../lib/gcc/arm-elf/4.1.1/../../../../arm-elf/lib/thumb/interwork\libc.a(findfp.o)
 .glue_7        0x00019424        0x0 e:/asctec_arm_sdk/winarm/bin/../lib/gcc/arm-elf/4.1.1/../../../../arm-elf/lib/thumb/interwork\libc.a(freer.o)
 .glue_7        0x00019424        0x0 e:/asctec_arm_sdk/winarm/bin/../lib/gcc/arm-elf/4.1.1/../../../../arm-elf/lib/thumb/interwork\libc.a(fvwrite.o)
 .glue_7        0x00019424        0x0 e:/asctec_arm_sdk/winarm/bin/../lib/gcc/arm-elf/4.1.1/../../../../arm-elf/lib/thumb/interwork\libc.a(fwalk.o)
 .glue_7        0x00019424        0x0 e:/asctec_arm_sdk/winarm/bin/../lib/gcc/arm-elf/4.1.1/../../../../arm-elf/lib/thumb/interwork\libc.a(impure.o)
 .glue_7        0x00019424        0x0 e:/asctec_arm_sdk/winarm/bin/../lib/gcc/arm-elf/4.1.1/../../../../arm-elf/lib/thumb/interwork\libc.a(locale.o)
 .glue_7        0x00019424        0x0 e:/asctec_arm_sdk/winarm/bin/../lib/gcc/arm-elf/4.1.1/../../../../arm-elf/lib/thumb/interwork\libc.a(makebuf.o)
 .glue_7        0x00019424        0x0 e:/asctec_arm_sdk/winarm/bin/../lib/gcc/arm-elf/4.1.1/../../../../arm-elf/lib/thumb/interwork\libc.a(mallocr.o)
 .glue_7        0x00019424        0x0 e:/asctec_arm_sdk/winarm/bin/../lib/gcc/arm-elf/4.1.1/../../../../arm-elf/lib/thumb/interwork\libc.a(memchr.o)
 .glue_7        0x00019424        0x0 e:/asctec_arm_sdk/winarm/bin/../lib/gcc/arm-elf/4.1.1/../../../../arm-elf/lib/thumb/interwork\libc.a(memmove.o)
 .glue_7        0x00019424        0x0 e:/asctec_arm_sdk/winarm/bin/../lib/gcc/arm-elf/4.1.1/../../../../arm-elf/lib/thumb/interwork\libc.a(memset.o)
 .glue_7        0x00019424        0x0 e:/asctec_arm_sdk/winarm/bin/../lib/gcc/arm-elf/4.1.1/../../../../arm-elf/lib/thumb/interwork\libc.a(mlock.o)
 .glue_7        0x00019424        0x0 e:/asctec_arm_sdk/winarm/bin/../lib/gcc/arm-elf/4.1.1/../../../../arm-elf/lib/thumb/interwork\libc.a(mprec.o)
 .glue_7        0x00019424        0x0 e:/asctec_arm_sdk/winarm/bin/../lib/gcc/arm-elf/4.1.1/../../../../arm-elf/lib/thumb/interwork\libc.a(reallocr.o)
 .glue_7        0x00019424        0x0 e:/asctec_arm_sdk/winarm/bin/../lib/gcc/arm-elf/4.1.1/../../../../arm-elf/lib/thumb/interwork\libc.a(s_isinf.o)
 .glue_7        0x00019424        0x0 e:/asctec_arm_sdk/winarm/bin/../lib/gcc/arm-elf/4.1.1/../../../../arm-elf/lib/thumb/interwork\libc.a(s_isnan.o)
 .glue_7        0x00019424        0x0 e:/asctec_arm_sdk/winarm/bin/../lib/gcc/arm-elf/4.1.1/../../../../arm-elf/lib/thumb/interwork\libc.a(stdio.o)
 .glue_7        0x00019424        0x0 e:/asctec_arm_sdk/winarm/bin/../lib/gcc/arm-elf/4.1.1/../../../../arm-elf/lib/thumb/interwork\libc.a(strcmp.o)
 .glue_7        0x00019424        0x0 e:/asctec_arm_sdk/winarm/bin/../lib/gcc/arm-elf/4.1.1/../../../../arm-elf/lib/thumb/interwork\libc.a(callocr.o)
 .glue_7        0x00019424        0x0 e:/asctec_arm_sdk/winarm/bin/../lib/gcc/arm-elf/4.1.1/../../../../arm-elf/lib/thumb/interwork\libc.a(fclose.o)
 .glue_7        0x00019424        0x0 e:/asctec_arm_sdk/winarm/bin/../lib/gcc/arm-elf/4.1.1/thumb/interwork\libgcc.a(_udivsi3.o)
 .glue_7        0x00019424        0x0 e:/asctec_arm_sdk/winarm/bin/../lib/gcc/arm-elf/4.1.1/thumb/interwork\libgcc.a(_divsi3.o)
 .glue_7        0x00019424        0x0 e:/asctec_arm_sdk/winarm/bin/../lib/gcc/arm-elf/4.1.1/thumb/interwork\libgcc.a(_umodsi3.o)
 .glue_7        0x00019424        0x0 e:/asctec_arm_sdk/winarm/bin/../lib/gcc/arm-elf/4.1.1/thumb/interwork\libgcc.a(_modsi3.o)
 .glue_7        0x00019424        0x0 e:/asctec_arm_sdk/winarm/bin/../lib/gcc/arm-elf/4.1.1/thumb/interwork\libgcc.a(_dvmd_tls.o)
 .glue_7        0x00019424        0x0 e:/asctec_arm_sdk/winarm/bin/../lib/gcc/arm-elf/4.1.1/thumb/interwork\libgcc.a(_addsubdf3.o)
 .glue_7        0x00019424        0x0 e:/asctec_arm_sdk/winarm/bin/../lib/gcc/arm-elf/4.1.1/thumb/interwork\libgcc.a(_muldivdf3.o)
 .glue_7        0x00019424        0x0 e:/asctec_arm_sdk/winarm/bin/../lib/gcc/arm-elf/4.1.1/thumb/interwork\libgcc.a(_cmpdf2.o)
 .glue_7        0x00019424        0x0 e:/asctec_arm_sdk/winarm/bin/../lib/gcc/arm-elf/4.1.1/thumb/interwork\libgcc.a(_fixdfsi.o)
 .glue_7        0x00019424        0x0 ./\libdeclination.a(declination.o)
 .glue_7        0x00019424        0x0 ./\libublox.a(ublox.o)
 .glue_7        0x00019424        0x0 e:/asctec_arm_sdk/winarm/bin/../lib/gcc/arm-elf/4.1.1/../../../../arm-elf/lib/thumb/interwork\libm.a(s_cos.o)
 .glue_7        0x00019424        0x0 e:/asctec_arm_sdk/winarm/bin/../lib/gcc/arm-elf/4.1.1/../../../../arm-elf/lib/thumb/interwork\libm.a(s_sin.o)
 .glue_7        0x00019424        0x0 e:/asctec_arm_sdk/winarm/bin/../lib/gcc/arm-elf/4.1.1/../../../../arm-elf/lib/thumb/interwork\libm.a(w_atan2.o)
 .glue_7        0x00019424        0x0 e:/asctec_arm_sdk/winarm/bin/../lib/gcc/arm-elf/4.1.1/../../../../arm-elf/lib/thumb/interwork\libm.a(w_sqrt.o)
 .glue_7        0x00019424        0x0 e:/asctec_arm_sdk/winarm/bin/../lib/gcc/arm-elf/4.1.1/../../../../arm-elf/lib/thumb/interwork\libm.a(e_atan2.o)
 .glue_7        0x00019424        0x0 e:/asctec_arm_sdk/winarm/bin/../lib/gcc/arm-elf/4.1.1/../../../../arm-elf/lib/thumb/interwork\libm.a(e_rem_pio2.o)
 .glue_7        0x00019424        0x0 e:/asctec_arm_sdk/winarm/bin/../lib/gcc/arm-elf/4.1.1/../../../../arm-elf/lib/thumb/interwork\libm.a(e_sqrt.o)
 .glue_7        0x00019424        0x0 e:/asctec_arm_sdk/winarm/bin/../lib/gcc/arm-elf/4.1.1/../../../../arm-elf/lib/thumb/interwork\libm.a(k_cos.o)
 .glue_7        0x00019424        0x0 e:/asctec_arm_sdk/winarm/bin/../lib/gcc/arm-elf/4.1.1/../../../../arm-elf/lib/thumb/interwork\libm.a(k_rem_pio2.o)
 .glue_7        0x00019424        0x0 e:/asctec_arm_sdk/winarm/bin/../lib/gcc/arm-elf/4.1.1/../../../../arm-elf/lib/thumb/interwork\libm.a(k_sin.o)
 .glue_7        0x00019424        0x0 e:/asctec_arm_sdk/winarm/bin/../lib/gcc/arm-elf/4.1.1/../../../../arm-elf/lib/thumb/interwork\libm.a(s_atan.o)
 .glue_7        0x00019424        0x0 e:/asctec_arm_sdk/winarm/bin/../lib/gcc/arm-elf/4.1.1/../../../../arm-elf/lib/thumb/interwork\libm.a(s_fabs.o)
 .glue_7        0x00019424        0x0 e:/asctec_arm_sdk/winarm/bin/../lib/gcc/arm-elf/4.1.1/../../../../arm-elf/lib/thumb/interwork\libm.a(s_floor.o)
 .glue_7        0x00019424        0x0 e:/asctec_arm_sdk/winarm/bin/../lib/gcc/arm-elf/4.1.1/../../../../arm-elf/lib/thumb/interwork\libm.a(s_lib_ver.o)
 .glue_7        0x00019424        0x0 e:/asctec_arm_sdk/winarm/bin/../lib/gcc/arm-elf/4.1.1/../../../../arm-elf/lib/thumb/interwork\libm.a(s_matherr.o)
 .glue_7        0x00019424        0x0 e:/asctec_arm_sdk/winarm/bin/../lib/gcc/arm-elf/4.1.1/../../../../arm-elf/lib/thumb/interwork\libm.a(s_scalbn.o)
 .glue_7        0x00019424        0x0 e:/asctec_arm_sdk/winarm/bin/../lib/gcc/arm-elf/4.1.1/../../../../arm-elf/lib/thumb/interwork\libm.a(s_copysign.o)
 .glue_7        0x00019424        0x0 e:/asctec_arm_sdk/winarm/bin/../lib/gcc/arm-elf/4.1.1/thumb/interwork\libgcc.a(_truncdfsf2.o)
 .glue_7        0x00019424        0x0 e:/asctec_arm_sdk/winarm/bin/../lib/gcc/arm-elf/4.1.1/thumb/interwork\libgcc.a(_addsubsf3.o)
 .glue_7        0x00019424        0x0 e:/asctec_arm_sdk/winarm/bin/../lib/gcc/arm-elf/4.1.1/thumb/interwork\libgcc.a(_muldivsf3.o)
 .glue_7        0x00019424        0x0 e:/asctec_arm_sdk/winarm/bin/../lib/gcc/arm-elf/4.1.1/thumb/interwork\libgcc.a(_cmpsf2.o)
 .glue_7        0x00019424        0x0 e:/asctec_arm_sdk/winarm/bin/../lib/gcc/arm-elf/4.1.1/thumb/interwork\libgcc.a(_fixsfsi.o)
 .glue_7        0x00019424       0x90 e:/asctec_arm_sdk/winarm/bin/../lib/gcc/arm-elf/4.1.1/../../../../arm-elf/lib/thumb/interwork\libg.a(errno.o)
                0x0001946c                __strcpy_from_arm
                0x000194a8                __atan2_from_arm
                0x00019460                __strlen_from_arm
                0x0001943c                __cos_from_arm
                0x00019454                ____udivsi3_from_arm
                0x00019448                __sprintf_from_arm
                0x00019430                ____divsi3_from_arm
                0x00019424                __memcpy_from_arm
                0x00019478                __puts_from_arm
                0x00019484                __printf_from_arm
                0x0001949c                __sin_from_arm
                0x00019490                __sqrt_from_arm
 *(.glue_7t)
 .glue_7t       0x000194b4        0x0 Common_WinARM/src/Startup.o
 .glue_7t       0x000194b4        0x0 Common_WinARM/src/swi_handler.o
 .glue_7t       0x000194b4        0x0 LL_HL_comm.o
 .glue_7t       0x000194b4        0x0 mymath.o
 .glue_7t       0x000194b4        0x0 gpsmath.o
 .glue_7t       0x000194b4        0x0 sdk.o
 .glue_7t       0x000194b4        0x0 sdk_telemetry.o
 .glue_7t       0x000194b4        0x0 buzzer.o
 .glue_7t       0x000194b4        0x0 lpc_aci_eeprom.o
 .glue_7t       0x000194b4        0x0 asctecCommIntfOnboard.o
 .glue_7t       0x000194b4        0x0 buildInfoSetup.o
 .glue_7t       0x000194b4        0x0 main.o
 .glue_7t       0x000194b4        0x0 hardware.o
 .glue_7t       0x000194b4        0x0 system.o
 .glue_7t       0x000194b4        0x0 uart.o
 .glue_7t       0x000194b4        0x0 syscalls.o
 .glue_7t       0x000194b4        0x0 i2c.o
 .glue_7t       0x000194b4        0x0 i2c1.o
 .glue_7t       0x000194b4        0x0 Common_WinARM/src/irq.o
 .glue_7t       0x000194b4        0x0 adc.o
 .glue_7t       0x000194b4        0x0 ssp.o
 .glue_7t       0x000194b4        0x0 pelican_ptu.o
 .glue_7t       0x000194b4        0x0 jetiTelemetry.o
 .glue_7t       0x000194b4        0x0 LPC2k_ee.o
 .glue_7t       0x000194b4        0x0 e:/asctec_arm_sdk/winarm/bin/../lib/gcc/arm-elf/4.1.1/../../../../arm-elf/lib/thumb/interwork\libc.a(memcpy.o)
 .glue_7t       0x000194b4        0x0 e:/asctec_arm_sdk/winarm/bin/../lib/gcc/arm-elf/4.1.1/../../../../arm-elf/lib/thumb/interwork\libc.a(printf.o)
 .glue_7t       0x000194b4        0x0 e:/asctec_arm_sdk/winarm/bin/../lib/gcc/arm-elf/4.1.1/../../../../arm-elf/lib/thumb/interwork\libc.a(puts.o)
 .glue_7t       0x000194b4        0x0 e:/asctec_arm_sdk/winarm/bin/../lib/gcc/arm-elf/4.1.1/../../../../arm-elf/lib/thumb/interwork\libc.a(sprintf.o)
 .glue_7t       0x000194b4        0x0 e:/asctec_arm_sdk/winarm/bin/../lib/gcc/arm-elf/4.1.1/../../../../arm-elf/lib/thumb/interwork\libc.a(strcpy.o)
 .glue_7t       0x000194b4        0x0 e:/asctec_arm_sdk/winarm/bin/../lib/gcc/arm-elf/4.1.1/../../../../arm-elf/lib/thumb/interwork\libc.a(strlen.o)
 .glue_7t       0x000194b4        0x0 e:/asctec_arm_sdk/winarm/bin/../lib/gcc/arm-elf/4.1.1/../../../../arm-elf/lib/thumb/interwork\libc.a(vfprintf.o)
 .glue_7t       0x000194b4        0x0 e:/asctec_arm_sdk/winarm/bin/../lib/gcc/arm-elf/4.1.1/../../../../arm-elf/lib/thumb/interwork\libc.a(wcrtomb.o)
 .glue_7t       0x000194b4        0x0 e:/asctec_arm_sdk/winarm/bin/../lib/gcc/arm-elf/4.1.1/../../../../arm-elf/lib/thumb/interwork\libc.a(wcsrtombs.o)
 .glue_7t       0x000194b4        0x0 e:/asctec_arm_sdk/winarm/bin/../lib/gcc/arm-elf/4.1.1/../../../../arm-elf/lib/thumb/interwork\libc.a(wctomb_r.o)
 .glue_7t       0x000194b4        0x0 e:/asctec_arm_sdk/winarm/bin/../lib/gcc/arm-elf/4.1.1/../../../../arm-elf/lib/thumb/interwork\libc.a(wsetup.o)
 .glue_7t       0x000194b4        0x0 e:/asctec_arm_sdk/winarm/bin/../lib/gcc/arm-elf/4.1.1/../../../../arm-elf/lib/thumb/interwork\libc.a(dtoa.o)
 .glue_7t       0x000194b4        0x0 e:/asctec_arm_sdk/winarm/bin/../lib/gcc/arm-elf/4.1.1/../../../../arm-elf/lib/thumb/interwork\libc.a(fflush.o)
 .glue_7t       0x000194b4        0x0 e:/asctec_arm_sdk/winarm/bin/../lib/gcc/arm-elf/4.1.1/../../../../arm-elf/lib/thumb/interwork\libc.a(findfp.o)
 .glue_7t       0x000194b4        0x0 e:/asctec_arm_sdk/winarm/bin/../lib/gcc/arm-elf/4.1.1/../../../../arm-elf/lib/thumb/interwork\libc.a(freer.o)
 .glue_7t       0x000194b4        0x0 e:/asctec_arm_sdk/winarm/bin/../lib/gcc/arm-elf/4.1.1/../../../../arm-elf/lib/thumb/interwork\libc.a(fvwrite.o)
 .glue_7t       0x000194b4        0x0 e:/asctec_arm_sdk/winarm/bin/../lib/gcc/arm-elf/4.1.1/../../../../arm-elf/lib/thumb/interwork\libc.a(fwalk.o)
 .glue_7t       0x000194b4        0x0 e:/asctec_arm_sdk/winarm/bin/../lib/gcc/arm-elf/4.1.1/../../../../arm-elf/lib/thumb/interwork\libc.a(impure.o)
 .glue_7t       0x000194b4        0x0 e:/asctec_arm_sdk/winarm/bin/../lib/gcc/arm-elf/4.1.1/../../../../arm-elf/lib/thumb/interwork\libc.a(locale.o)
 .glue_7t       0x000194b4        0x0 e:/asctec_arm_sdk/winarm/bin/../lib/gcc/arm-elf/4.1.1/../../../../arm-elf/lib/thumb/interwork\libc.a(makebuf.o)
 .glue_7t       0x000194b4        0x0 e:/asctec_arm_sdk/winarm/bin/../lib/gcc/arm-elf/4.1.1/../../../../arm-elf/lib/thumb/interwork\libc.a(mallocr.o)
 .glue_7t       0x000194b4        0x0 e:/asctec_arm_sdk/winarm/bin/../lib/gcc/arm-elf/4.1.1/../../../../arm-elf/lib/thumb/interwork\libc.a(memchr.o)
 .glue_7t       0x000194b4        0x0 e:/asctec_arm_sdk/winarm/bin/../lib/gcc/arm-elf/4.1.1/../../../../arm-elf/lib/thumb/interwork\libc.a(memmove.o)
 .glue_7t       0x000194b4        0x0 e:/asctec_arm_sdk/winarm/bin/../lib/gcc/arm-elf/4.1.1/../../../../arm-elf/lib/thumb/interwork\libc.a(memset.o)
 .glue_7t       0x000194b4        0x0 e:/asctec_arm_sdk/winarm/bin/../lib/gcc/arm-elf/4.1.1/../../../../arm-elf/lib/thumb/interwork\libc.a(mlock.o)
 .glue_7t       0x000194b4        0x0 e:/asctec_arm_sdk/winarm/bin/../lib/gcc/arm-elf/4.1.1/../../../../arm-elf/lib/thumb/interwork\libc.a(mprec.o)
 .glue_7t       0x000194b4        0x0 e:/asctec_arm_sdk/winarm/bin/../lib/gcc/arm-elf/4.1.1/../../../../arm-elf/lib/thumb/interwork\libc.a(reallocr.o)
 .glue_7t       0x000194b4        0x0 e:/asctec_arm_sdk/winarm/bin/../lib/gcc/arm-elf/4.1.1/../../../../arm-elf/lib/thumb/interwork\libc.a(s_isinf.o)
 .glue_7t       0x000194b4        0x0 e:/asctec_arm_sdk/winarm/bin/../lib/gcc/arm-elf/4.1.1/../../../../arm-elf/lib/thumb/interwork\libc.a(s_isnan.o)
 .glue_7t       0x000194b4        0x0 e:/asctec_arm_sdk/winarm/bin/../lib/gcc/arm-elf/4.1.1/../../../../arm-elf/lib/thumb/interwork\libc.a(stdio.o)
 .glue_7t       0x000194b4        0x0 e:/asctec_arm_sdk/winarm/bin/../lib/gcc/arm-elf/4.1.1/../../../../arm-elf/lib/thumb/interwork\libc.a(strcmp.o)
 .glue_7t       0x000194b4        0x0 e:/asctec_arm_sdk/winarm/bin/../lib/gcc/arm-elf/4.1.1/../../../../arm-elf/lib/thumb/interwork\libc.a(callocr.o)
 .glue_7t       0x000194b4        0x0 e:/asctec_arm_sdk/winarm/bin/../lib/gcc/arm-elf/4.1.1/../../../../arm-elf/lib/thumb/interwork\libc.a(fclose.o)
 .glue_7t       0x000194b4        0x0 e:/asctec_arm_sdk/winarm/bin/../lib/gcc/arm-elf/4.1.1/thumb/interwork\libgcc.a(_udivsi3.o)
 .glue_7t       0x000194b4        0x0 e:/asctec_arm_sdk/winarm/bin/../lib/gcc/arm-elf/4.1.1/thumb/interwork\libgcc.a(_divsi3.o)
 .glue_7t       0x000194b4        0x0 e:/asctec_arm_sdk/winarm/bin/../lib/gcc/arm-elf/4.1.1/thumb/interwork\libgcc.a(_umodsi3.o)
 .glue_7t       0x000194b4        0x0 e:/asctec_arm_sdk/winarm/bin/../lib/gcc/arm-elf/4.1.1/thumb/interwork\libgcc.a(_modsi3.o)
 .glue_7t       0x000194b4        0x0 e:/asctec_arm_sdk/winarm/bin/../lib/gcc/arm-elf/4.1.1/thumb/interwork\libgcc.a(_dvmd_tls.o)
 .glue_7t       0x000194b4        0x0 e:/asctec_arm_sdk/winarm/bin/../lib/gcc/arm-elf/4.1.1/thumb/interwork\libgcc.a(_addsubdf3.o)
 .glue_7t       0x000194b4        0x0 e:/asctec_arm_sdk/winarm/bin/../lib/gcc/arm-elf/4.1.1/thumb/interwork\libgcc.a(_muldivdf3.o)
 .glue_7t       0x000194b4        0x0 e:/asctec_arm_sdk/winarm/bin/../lib/gcc/arm-elf/4.1.1/thumb/interwork\libgcc.a(_cmpdf2.o)
 .glue_7t       0x000194b4        0x0 e:/asctec_arm_sdk/winarm/bin/../lib/gcc/arm-elf/4.1.1/thumb/interwork\libgcc.a(_fixdfsi.o)
 .glue_7t       0x000194b4        0x0 ./\libdeclination.a(declination.o)
 .glue_7t       0x000194b4        0x0 ./\libublox.a(ublox.o)
 .glue_7t       0x000194b4        0x0 e:/asctec_arm_sdk/winarm/bin/../lib/gcc/arm-elf/4.1.1/../../../../arm-elf/lib/thumb/interwork\libm.a(s_cos.o)
 .glue_7t       0x000194b4        0x0 e:/asctec_arm_sdk/winarm/bin/../lib/gcc/arm-elf/4.1.1/../../../../arm-elf/lib/thumb/interwork\libm.a(s_sin.o)
 .glue_7t       0x000194b4        0x0 e:/asctec_arm_sdk/winarm/bin/../lib/gcc/arm-elf/4.1.1/../../../../arm-elf/lib/thumb/interwork\libm.a(w_atan2.o)
 .glue_7t       0x000194b4        0x0 e:/asctec_arm_sdk/winarm/bin/../lib/gcc/arm-elf/4.1.1/../../../../arm-elf/lib/thumb/interwork\libm.a(w_sqrt.o)
 .glue_7t       0x000194b4        0x0 e:/asctec_arm_sdk/winarm/bin/../lib/gcc/arm-elf/4.1.1/../../../../arm-elf/lib/thumb/interwork\libm.a(e_atan2.o)
 .glue_7t       0x000194b4        0x0 e:/asctec_arm_sdk/winarm/bin/../lib/gcc/arm-elf/4.1.1/../../../../arm-elf/lib/thumb/interwork\libm.a(e_rem_pio2.o)
 .glue_7t       0x000194b4        0x0 e:/asctec_arm_sdk/winarm/bin/../lib/gcc/arm-elf/4.1.1/../../../../arm-elf/lib/thumb/interwork\libm.a(e_sqrt.o)
 .glue_7t       0x000194b4        0x0 e:/asctec_arm_sdk/winarm/bin/../lib/gcc/arm-elf/4.1.1/../../../../arm-elf/lib/thumb/interwork\libm.a(k_cos.o)
 .glue_7t       0x000194b4        0x0 e:/asctec_arm_sdk/winarm/bin/../lib/gcc/arm-elf/4.1.1/../../../../arm-elf/lib/thumb/interwork\libm.a(k_rem_pio2.o)
 .glue_7t       0x000194b4        0x0 e:/asctec_arm_sdk/winarm/bin/../lib/gcc/arm-elf/4.1.1/../../../../arm-elf/lib/thumb/interwork\libm.a(k_sin.o)
 .glue_7t       0x000194b4        0x0 e:/asctec_arm_sdk/winarm/bin/../lib/gcc/arm-elf/4.1.1/../../../../arm-elf/lib/thumb/interwork\libm.a(s_atan.o)
 .glue_7t       0x000194b4        0x0 e:/asctec_arm_sdk/winarm/bin/../lib/gcc/arm-elf/4.1.1/../../../../arm-elf/lib/thumb/interwork\libm.a(s_fabs.o)
 .glue_7t       0x000194b4        0x0 e:/asctec_arm_sdk/winarm/bin/../lib/gcc/arm-elf/4.1.1/../../../../arm-elf/lib/thumb/interwork\libm.a(s_floor.o)
 .glue_7t       0x000194b4        0x0 e:/asctec_arm_sdk/winarm/bin/../lib/gcc/arm-elf/4.1.1/../../../../arm-elf/lib/thumb/interwork\libm.a(s_lib_ver.o)
 .glue_7t       0x000194b4        0x0 e:/asctec_arm_sdk/winarm/bin/../lib/gcc/arm-elf/4.1.1/../../../../arm-elf/lib/thumb/interwork\libm.a(s_matherr.o)
 .glue_7t       0x000194b4        0x0 e:/asctec_arm_sdk/winarm/bin/../lib/gcc/arm-elf/4.1.1/../../../../arm-elf/lib/thumb/interwork\libm.a(s_scalbn.o)
 .glue_7t       0x000194b4        0x0 e:/asctec_arm_sdk/winarm/bin/../lib/gcc/arm-elf/4.1.1/../../../../arm-elf/lib/thumb/interwork\libm.a(s_copysign.o)
 .glue_7t       0x000194b4        0x0 e:/asctec_arm_sdk/winarm/bin/../lib/gcc/arm-elf/4.1.1/thumb/interwork\libgcc.a(_truncdfsf2.o)
 .glue_7t       0x000194b4        0x0 e:/asctec_arm_sdk/winarm/bin/../lib/gcc/arm-elf/4.1.1/thumb/interwork\libgcc.a(_addsubsf3.o)
 .glue_7t       0x000194b4        0x0 e:/asctec_arm_sdk/winarm/bin/../lib/gcc/arm-elf/4.1.1/thumb/interwork\libgcc.a(_muldivsf3.o)
 .glue_7t       0x000194b4        0x0 e:/asctec_arm_sdk/winarm/bin/../lib/gcc/arm-elf/4.1.1/thumb/interwork\libgcc.a(_cmpsf2.o)
 .glue_7t       0x000194b4        0x0 e:/asctec_arm_sdk/winarm/bin/../lib/gcc/arm-elf/4.1.1/thumb/interwork\libgcc.a(_fixsfsi.o)
 .glue_7t       0x000194b4       0x90 e:/asctec_arm_sdk/winarm/bin/../lib/gcc/arm-elf/4.1.1/../../../../arm-elf/lib/thumb/interwork\libg.a(errno.o)
                0x00019510                ___sbrk_r_change_to_arm
                0x0001953c                ___read_r_from_thumb
                0x000194fc                ____gtdf2_from_thumb
                0x000194dc                ____subdf3_from_thumb
                0x000194b8                ____ltdf2_change_to_arm
                0x000194e0                ____subdf3_change_to_arm
                0x00019508                ____gedf2_change_to_arm
                0x00019514                ___fstat_r_from_thumb
                0x00019520                __isatty_change_to_arm
                0x000194c4                ____eqdf2_from_thumb
                0x00019528                ___close_r_change_to_arm
                0x00019540                ___read_r_change_to_arm
                0x000194ec                ____fixdfsi_from_thumb
                0x000194f8                ____divdf3_change_to_arm
                0x00019504                ____gedf2_from_thumb
                0x00019518                ___fstat_r_change_to_arm
                0x000194e8                ____muldf3_change_to_arm
                0x00019530                ___lseek_r_change_to_arm
                0x000194f0                ____fixdfsi_change_to_arm
                0x000194f4                ____divdf3_from_thumb
                0x000194d8                ____adddf3_change_to_arm
                0x00019500                ____gtdf2_change_to_arm
                0x00019538                ___write_r_change_to_arm
                0x0001952c                ___lseek_r_from_thumb
                0x000194cc                ____floatsidf_from_thumb
                0x000194b4                ____ltdf2_from_thumb
                0x000194c0                ____nedf2_change_to_arm
                0x000194d4                ____adddf3_from_thumb
                0x00019524                ___close_r_from_thumb
                0x000194c8                ____eqdf2_change_to_arm
                0x0001950c                ___sbrk_r_from_thumb
                0x000194e4                ____muldf3_from_thumb
                0x000194bc                ____nedf2_from_thumb
                0x00019534                ___write_r_from_thumb
                0x000194d0                ____floatsidf_change_to_arm
                0x0001951c                __isatty_from_thumb
 *(.gcc_except_table)
 *(.rodata)
 .rodata        0x00019544        0x6 asctecCommIntfOnboard.o
 .rodata        0x0001954a       0x24 buildInfoSetup.o
 *fill*         0x0001956e        0x2 00
 .rodata        0x00019570      0x650 main.o
 .rodata        0x00019bc0       0x60 i2c.o
 .rodata        0x00019c20      0x184 e:/asctec_arm_sdk/winarm/bin/../lib/gcc/arm-elf/4.1.1/../../../../arm-elf/lib/thumb/interwork\libc.a(vfprintf.o)
 .rodata        0x00019da4       0x18 e:/asctec_arm_sdk/winarm/bin/../lib/gcc/arm-elf/4.1.1/../../../../arm-elf/lib/thumb/interwork\libc.a(dtoa.o)
 .rodata        0x00019dbc        0x4 e:/asctec_arm_sdk/winarm/bin/../lib/gcc/arm-elf/4.1.1/../../../../arm-elf/lib/thumb/interwork\libc.a(impure.o)
                0x00019dbc                _global_impure_ptr
 .rodata        0x00019dc0       0x34 e:/asctec_arm_sdk/winarm/bin/../lib/gcc/arm-elf/4.1.1/../../../../arm-elf/lib/thumb/interwork\libc.a(locale.o)
 .rodata        0x00019df4      0x124 e:/asctec_arm_sdk/winarm/bin/../lib/gcc/arm-elf/4.1.1/../../../../arm-elf/lib/thumb/interwork\libc.a(mprec.o)
                0x00019ee4                __mprec_tinytens
                0x00019df4                __mprec_tens
                0x00019ebc                __mprec_bigtens
 .rodata        0x00019f18       0xe2 ./\libublox.a(ublox.o)
 *fill*         0x00019ffa        0x2 00
 .rodata        0x00019ffc      0x188 e:/asctec_arm_sdk/winarm/bin/../lib/gcc/arm-elf/4.1.1/../../../../arm-elf/lib/thumb/interwork\libm.a(e_rem_pio2.o)
 .rodata        0x0001a184       0x50 e:/asctec_arm_sdk/winarm/bin/../lib/gcc/arm-elf/4.1.1/../../../../arm-elf/lib/thumb/interwork\libm.a(k_rem_pio2.o)
 .rodata        0x0001a1d4       0x40 e:/asctec_arm_sdk/winarm/bin/../lib/gcc/arm-elf/4.1.1/../../../../arm-elf/lib/thumb/interwork\libm.a(s_atan.o)
 .rodata        0x0001a214        0x4 e:/asctec_arm_sdk/winarm/bin/../lib/gcc/arm-elf/4.1.1/../../../../arm-elf/lib/thumb/interwork\libm.a(s_lib_ver.o)
                0x0001a214                __fdlib_version
 *(.rodata*)
 .rodata.str1.4
                0x0001a218      0x1ff sdk_telemetry.o
                                0x204 (size before relaxing)
 *fill*         0x0001a417        0x1 00
 .rodata.str1.4
                0x0001a418        0xc buildInfoSetup.o
 .rodata.str1.4
                0x0001a424        0x2 e:/asctec_arm_sdk/winarm/bin/../lib/gcc/arm-elf/4.1.1/../../../../arm-elf/lib/thumb/interwork\libc.a(puts.o)
                                  0x4 (size before relaxing)
 *fill*         0x0001a426        0x2 00
 .rodata.str1.4
                0x0001a428       0x63 e:/asctec_arm_sdk/winarm/bin/../lib/gcc/arm-elf/4.1.1/../../../../arm-elf/lib/thumb/interwork\libc.a(vfprintf.o)
                                 0x64 (size before relaxing)
 *fill*         0x0001a48b        0x1 00
 .rodata.str1.4
                0x0001a48c       0x1e e:/asctec_arm_sdk/winarm/bin/../lib/gcc/arm-elf/4.1.1/../../../../arm-elf/lib/thumb/interwork\libc.a(wctomb_r.o)
                                 0x20 (size before relaxing)
 *fill*         0x0001a4aa        0x2 00
 .rodata.str1.4
                0x0001a4ac       0x10 e:/asctec_arm_sdk/winarm/bin/../lib/gcc/arm-elf/4.1.1/../../../../arm-elf/lib/thumb/interwork\libc.a(dtoa.o)
                                 0x14 (size before relaxing)
 .rodata.str1.4
                0x0001a4bc        0x2 e:/asctec_arm_sdk/winarm/bin/../lib/gcc/arm-elf/4.1.1/../../../../arm-elf/lib/thumb/interwork\libc.a(impure.o)
                                  0x4 (size before relaxing)
 *fill*         0x0001a4be        0x2 00
 .rodata.str1.4
                0x0001a4c0        0xb e:/asctec_arm_sdk/winarm/bin/../lib/gcc/arm-elf/4.1.1/../../../../arm-elf/lib/thumb/interwork\libc.a(locale.o)
                                 0x18 (size before relaxing)
 *fill*         0x0001a4cb        0x1 00
 .rodata.str1.4
                0x0001a4cc        0x6 e:/asctec_arm_sdk/winarm/bin/../lib/gcc/arm-elf/4.1.1/../../../../arm-elf/lib/thumb/interwork\libm.a(w_atan2.o)
                                  0x8 (size before relaxing)
 *fill*         0x0001a4d2        0x2 00
 .rodata.str1.4
                0x0001a4d4        0x8 e:/asctec_arm_sdk/winarm/bin/../lib/gcc/arm-elf/4.1.1/../../../../arm-elf/lib/thumb/interwork\libm.a(w_sqrt.o)
 *(.gnu.linkonce.r.*)
                0x0001a4dc                . = ALIGN (0x4)
                0x0001a4dc                . = ALIGN (0x4)

.ctors          0x0001a4dc        0x0
                0x0001a4dc                PROVIDE (__ctors_start__, .)
 *(SORT(.ctors.*))
 *(.ctors)
                0x0001a4dc                . = ALIGN (0x4)
                0x0001a4dc                PROVIDE (__ctors_end__, .)
                0x0001a4dc                . = ALIGN (0x4)

.dtors          0x0001a4dc        0x0
                0x0001a4dc                PROVIDE (__dtors_start__, .)
 *(SORT(.dtors.*))
 *(.dtors)
                0x0001a4dc                . = ALIGN (0x4)
                0x0001a4dc                PROVIDE (__dtors_end__, .)
                0x0001a4dc                . = ALIGN (0x4)
                0x0001a4dc                . = ALIGN (0x4)
                0x0001a4dc                _etext = .
                0x0001a4dc                PROVIDE (etext, .)

.data           0x40000000      0xda8 load address 0x0001a4dc
                0x40000000                _data = .
 *(.vectmapped)
                0x40000000                . = ALIGN (0x4)
 *(.fastrun)
                0x40000000                . = ALIGN (0x4)
                0x40000000                . = ALIGN (0x4)
 *(.data)
 .data          0x40000000        0x0 Common_WinARM/src/Startup.o
 .data          0x40000000        0x0 Common_WinARM/src/swi_handler.o
 .data          0x40000000        0x0 LL_HL_comm.o
 .data          0x40000000        0x0 mymath.o
 .data          0x40000000        0x0 gpsmath.o
 .data          0x40000000        0x0 sdk.o
 .data          0x40000000        0x0 sdk_telemetry.o
 .data          0x40000000        0xc buzzer.o
                0x40000004                ALARM_battery_warning_voltage_low
                0x40000002                ALARM_battery_warning_voltage_high
                0x40000000                buzzer_warnings
 .data          0x4000000c        0x0 lpc_aci_eeprom.o
 .data          0x4000000c       0x14 asctecCommIntfOnboard.o
                0x4000000c                aciVarPacketTransmissionRate
                0x4000001e                aciMagicCodePar
                0x40000012                entry_exist
                0x4000001c                aciMagicCodeCmd
                0x40000018                aciHeartBeatTimeout
                0x4000001a                aciMagicCodeVar
                0x40000014                aciEngineRate
 .data          0x40000020        0x0 buildInfoSetup.o
 .data          0x40000020        0x3 main.o
                0x40000020                DataOutputsPerSecond
                0x40000021                PTU_cam_option_4_version
 .data          0x40000023        0x0 hardware.o
 .data          0x40000023        0x0 system.o
 .data          0x40000023        0x7 uart.o
                0x40000027                stopstring
                0x40000024                startstring
                0x40000023                chksum_trigger
 .data          0x4000002a        0x0 syscalls.o
 .data          0x4000002a        0x0 i2c.o
 .data          0x4000002a        0x0 i2c1.o
 .data          0x4000002a        0x0 Common_WinARM/src/irq.o
 .data          0x4000002a        0x0 adc.o
 .data          0x4000002a        0x3 ssp.o
                0x4000002b                SSP_receiption_complete
                0x4000002c                data_sent_to_HL
                0x4000002a                data_sent_to_LL
 .data          0x4000002d        0x0 pelican_ptu.o
 .data          0x4000002d        0x0 jetiTelemetry.o
 .data          0x4000002d        0x0 LPC2k_ee.o
 .data          0x4000002d        0x0 e:/asctec_arm_sdk/winarm/bin/../lib/gcc/arm-elf/4.1.1/../../../../arm-elf/lib/thumb/interwork\libc.a(memcpy.o)
 .data          0x4000002d        0x0 e:/asctec_arm_sdk/winarm/bin/../lib/gcc/arm-elf/4.1.1/../../../../arm-elf/lib/thumb/interwork\libc.a(printf.o)
 .data          0x4000002d        0x0 e:/asctec_arm_sdk/winarm/bin/../lib/gcc/arm-elf/4.1.1/../../../../arm-elf/lib/thumb/interwork\libc.a(puts.o)
 .data          0x4000002d        0x0 e:/asctec_arm_sdk/winarm/bin/../lib/gcc/arm-elf/4.1.1/../../../../arm-elf/lib/thumb/interwork\libc.a(sprintf.o)
 .data          0x4000002d        0x0 e:/asctec_arm_sdk/winarm/bin/../lib/gcc/arm-elf/4.1.1/../../../../arm-elf/lib/thumb/interwork\libc.a(strcpy.o)
 .data          0x4000002d        0x0 e:/asctec_arm_sdk/winarm/bin/../lib/gcc/arm-elf/4.1.1/../../../../arm-elf/lib/thumb/interwork\libc.a(strlen.o)
 .data          0x4000002d        0x0 e:/asctec_arm_sdk/winarm/bin/../lib/gcc/arm-elf/4.1.1/../../../../arm-elf/lib/thumb/interwork\libc.a(vfprintf.o)
 .data          0x4000002d        0x0 e:/asctec_arm_sdk/winarm/bin/../lib/gcc/arm-elf/4.1.1/../../../../arm-elf/lib/thumb/interwork\libc.a(wcrtomb.o)
 .data          0x4000002d        0x0 e:/asctec_arm_sdk/winarm/bin/../lib/gcc/arm-elf/4.1.1/../../../../arm-elf/lib/thumb/interwork\libc.a(wcsrtombs.o)
 .data          0x4000002d        0x0 e:/asctec_arm_sdk/winarm/bin/../lib/gcc/arm-elf/4.1.1/../../../../arm-elf/lib/thumb/interwork\libc.a(wctomb_r.o)
 .data          0x4000002d        0x0 e:/asctec_arm_sdk/winarm/bin/../lib/gcc/arm-elf/4.1.1/../../../../arm-elf/lib/thumb/interwork\libc.a(wsetup.o)
 .data          0x4000002d        0x0 e:/asctec_arm_sdk/winarm/bin/../lib/gcc/arm-elf/4.1.1/../../../../arm-elf/lib/thumb/interwork\libc.a(dtoa.o)
 .data          0x4000002d        0x0 e:/asctec_arm_sdk/winarm/bin/../lib/gcc/arm-elf/4.1.1/../../../../arm-elf/lib/thumb/interwork\libc.a(fflush.o)
 .data          0x4000002d        0x0 e:/asctec_arm_sdk/winarm/bin/../lib/gcc/arm-elf/4.1.1/../../../../arm-elf/lib/thumb/interwork\libc.a(findfp.o)
 .data          0x4000002d        0x0 e:/asctec_arm_sdk/winarm/bin/../lib/gcc/arm-elf/4.1.1/../../../../arm-elf/lib/thumb/interwork\libc.a(freer.o)
 .data          0x4000002d        0x0 e:/asctec_arm_sdk/winarm/bin/../lib/gcc/arm-elf/4.1.1/../../../../arm-elf/lib/thumb/interwork\libc.a(fvwrite.o)
 .data          0x4000002d        0x0 e:/asctec_arm_sdk/winarm/bin/../lib/gcc/arm-elf/4.1.1/../../../../arm-elf/lib/thumb/interwork\libc.a(fwalk.o)
 *fill*         0x4000002d        0x3 00
 .data          0x40000030      0x404 e:/asctec_arm_sdk/winarm/bin/../lib/gcc/arm-elf/4.1.1/../../../../arm-elf/lib/thumb/interwork\libc.a(impure.o)
                0x40000030                _impure_ptr
 .data          0x40000434       0x10 e:/asctec_arm_sdk/winarm/bin/../lib/gcc/arm-elf/4.1.1/../../../../arm-elf/lib/thumb/interwork\libc.a(locale.o)
                0x40000434                __mb_cur_max
                0x40000438                __lc_ctype
 .data          0x40000444        0x0 e:/asctec_arm_sdk/winarm/bin/../lib/gcc/arm-elf/4.1.1/../../../../arm-elf/lib/thumb/interwork\libc.a(makebuf.o)
 .data          0x40000444      0x410 e:/asctec_arm_sdk/winarm/bin/../lib/gcc/arm-elf/4.1.1/../../../../arm-elf/lib/thumb/interwork\libc.a(mallocr.o)
                0x40000850                __malloc_sbrk_base
                0x40000444                __malloc_av_
                0x4000084c                __malloc_trim_threshold
 .data          0x40000854        0x0 e:/asctec_arm_sdk/winarm/bin/../lib/gcc/arm-elf/4.1.1/../../../../arm-elf/lib/thumb/interwork\libc.a(memchr.o)
 .data          0x40000854        0x0 e:/asctec_arm_sdk/winarm/bin/../lib/gcc/arm-elf/4.1.1/../../../../arm-elf/lib/thumb/interwork\libc.a(memmove.o)
 .data          0x40000854        0x0 e:/asctec_arm_sdk/winarm/bin/../lib/gcc/arm-elf/4.1.1/../../../../arm-elf/lib/thumb/interwork\libc.a(memset.o)
 .data          0x40000854        0x0 e:/asctec_arm_sdk/winarm/bin/../lib/gcc/arm-elf/4.1.1/../../../../arm-elf/lib/thumb/interwork\libc.a(mlock.o)
 .data          0x40000854        0x0 e:/asctec_arm_sdk/winarm/bin/../lib/gcc/arm-elf/4.1.1/../../../../arm-elf/lib/thumb/interwork\libc.a(mprec.o)
 .data          0x40000854        0x0 e:/asctec_arm_sdk/winarm/bin/../lib/gcc/arm-elf/4.1.1/../../../../arm-elf/lib/thumb/interwork\libc.a(reallocr.o)
 .data          0x40000854        0x0 e:/asctec_arm_sdk/winarm/bin/../lib/gcc/arm-elf/4.1.1/../../../../arm-elf/lib/thumb/interwork\libc.a(s_isinf.o)
 .data          0x40000854        0x0 e:/asctec_arm_sdk/winarm/bin/../lib/gcc/arm-elf/4.1.1/../../../../arm-elf/lib/thumb/interwork\libc.a(s_isnan.o)
 .data          0x40000854        0x0 e:/asctec_arm_sdk/winarm/bin/../lib/gcc/arm-elf/4.1.1/../../../../arm-elf/lib/thumb/interwork\libc.a(stdio.o)
 .data          0x40000854        0x0 e:/asctec_arm_sdk/winarm/bin/../lib/gcc/arm-elf/4.1.1/../../../../arm-elf/lib/thumb/interwork\libc.a(strcmp.o)
 .data          0x40000854        0x0 e:/asctec_arm_sdk/winarm/bin/../lib/gcc/arm-elf/4.1.1/../../../../arm-elf/lib/thumb/interwork\libc.a(callocr.o)
 .data          0x40000854        0x0 e:/asctec_arm_sdk/winarm/bin/../lib/gcc/arm-elf/4.1.1/../../../../arm-elf/lib/thumb/interwork\libc.a(fclose.o)
 .data          0x40000854        0x0 e:/asctec_arm_sdk/winarm/bin/../lib/gcc/arm-elf/4.1.1/thumb/interwork\libgcc.a(_udivsi3.o)
 .data          0x40000854        0x0 e:/asctec_arm_sdk/winarm/bin/../lib/gcc/arm-elf/4.1.1/thumb/interwork\libgcc.a(_divsi3.o)
 .data          0x40000854        0x0 e:/asctec_arm_sdk/winarm/bin/../lib/gcc/arm-elf/4.1.1/thumb/interwork\libgcc.a(_umodsi3.o)
 .data          0x40000854        0x0 e:/asctec_arm_sdk/winarm/bin/../lib/gcc/arm-elf/4.1.1/thumb/interwork\libgcc.a(_modsi3.o)
 .data          0x40000854        0x0 e:/asctec_arm_sdk/winarm/bin/../lib/gcc/arm-elf/4.1.1/thumb/interwork\libgcc.a(_dvmd_tls.o)
 .data          0x40000854        0x0 e:/asctec_arm_sdk/winarm/bin/../lib/gcc/arm-elf/4.1.1/thumb/interwork\libgcc.a(_addsubdf3.o)
 .data          0x40000854        0x0 e:/asctec_arm_sdk/winarm/bin/../lib/gcc/arm-elf/4.1.1/thumb/interwork\libgcc.a(_muldivdf3.o)
 .data          0x40000854        0x0 e:/asctec_arm_sdk/winarm/bin/../lib/gcc/arm-elf/4.1.1/thumb/interwork\libgcc.a(_cmpdf2.o)
 .data          0x40000854        0x0 e:/asctec_arm_sdk/winarm/bin/../lib/gcc/arm-elf/4.1.1/thumb/interwork\libgcc.a(_fixdfsi.o)
 .data          0x40000854      0x54c ./\libdeclination.a(declination.o)
 .data          0x40000da0        0x8 ./\libublox.a(ublox.o)
                0x40000da0                gpsLEDTrigger
 .data          0x40000da8        0x0 e:/asctec_arm_sdk/winarm/bin/../lib/gcc/arm-elf/4.1.1/../../../../arm-elf/lib/thumb/interwork\libm.a(s_cos.o)
 .data          0x40000da8        0x0 e:/asctec_arm_sdk/winarm/bin/../lib/gcc/arm-elf/4.1.1/../../../../arm-elf/lib/thumb/interwork\libm.a(s_sin.o)
 .data          0x40000da8        0x0 e:/asctec_arm_sdk/winarm/bin/../lib/gcc/arm-elf/4.1.1/../../../../arm-elf/lib/thumb/interwork\libm.a(w_atan2.o)
 .data          0x40000da8        0x0 e:/asctec_arm_sdk/winarm/bin/../lib/gcc/arm-elf/4.1.1/../../../../arm-elf/lib/thumb/interwork\libm.a(w_sqrt.o)
 .data          0x40000da8        0x0 e:/asctec_arm_sdk/winarm/bin/../lib/gcc/arm-elf/4.1.1/../../../../arm-elf/lib/thumb/interwork\libm.a(e_atan2.o)
 .data          0x40000da8        0x0 e:/asctec_arm_sdk/winarm/bin/../lib/gcc/arm-elf/4.1.1/../../../../arm-elf/lib/thumb/interwork\libm.a(e_rem_pio2.o)
 .data          0x40000da8        0x0 e:/asctec_arm_sdk/winarm/bin/../lib/gcc/arm-elf/4.1.1/../../../../arm-elf/lib/thumb/interwork\libm.a(e_sqrt.o)
 .data          0x40000da8        0x0 e:/asctec_arm_sdk/winarm/bin/../lib/gcc/arm-elf/4.1.1/../../../../arm-elf/lib/thumb/interwork\libm.a(k_cos.o)
 .data          0x40000da8        0x0 e:/asctec_arm_sdk/winarm/bin/../lib/gcc/arm-elf/4.1.1/../../../../arm-elf/lib/thumb/interwork\libm.a(k_rem_pio2.o)
 .data          0x40000da8        0x0 e:/asctec_arm_sdk/winarm/bin/../lib/gcc/arm-elf/4.1.1/../../../../arm-elf/lib/thumb/interwork\libm.a(k_sin.o)
 .data          0x40000da8        0x0 e:/asctec_arm_sdk/winarm/bin/../lib/gcc/arm-elf/4.1.1/../../../../arm-elf/lib/thumb/interwork\libm.a(s_atan.o)
 .data          0x40000da8        0x0 e:/asctec_arm_sdk/winarm/bin/../lib/gcc/arm-elf/4.1.1/../../../../arm-elf/lib/thumb/interwork\libm.a(s_fabs.o)
 .data          0x40000da8        0x0 e:/asctec_arm_sdk/winarm/bin/../lib/gcc/arm-elf/4.1.1/../../../../arm-elf/lib/thumb/interwork\libm.a(s_floor.o)
 .data          0x40000da8        0x0 e:/asctec_arm_sdk/winarm/bin/../lib/gcc/arm-elf/4.1.1/../../../../arm-elf/lib/thumb/interwork\libm.a(s_lib_ver.o)
 .data          0x40000da8        0x0 e:/asctec_arm_sdk/winarm/bin/../lib/gcc/arm-elf/4.1.1/../../../../arm-elf/lib/thumb/interwork\libm.a(s_matherr.o)
 .data          0x40000da8        0x0 e:/asctec_arm_sdk/winarm/bin/../lib/gcc/arm-elf/4.1.1/../../../../arm-elf/lib/thumb/interwork\libm.a(s_scalbn.o)
 .data          0x40000da8        0x0 e:/asctec_arm_sdk/winarm/bin/../lib/gcc/arm-elf/4.1.1/../../../../arm-elf/lib/thumb/interwork\libm.a(s_copysign.o)
 .data          0x40000da8        0x0 e:/asctec_arm_sdk/winarm/bin/../lib/gcc/arm-elf/4.1.1/thumb/interwork\libgcc.a(_truncdfsf2.o)
 .data          0x40000da8        0x0 e:/asctec_arm_sdk/winarm/bin/../lib/gcc/arm-elf/4.1.1/thumb/interwork\libgcc.a(_addsubsf3.o)
 .data          0x40000da8        0x0 e:/asctec_arm_sdk/winarm/bin/../lib/gcc/arm-elf/4.1.1/thumb/interwork\libgcc.a(_muldivsf3.o)
 .data          0x40000da8        0x0 e:/asctec_arm_sdk/winarm/bin/../lib/gcc/arm-elf/4.1.1/thumb/interwork\libgcc.a(_cmpsf2.o)
 .data          0x40000da8        0x0 e:/asctec_arm_sdk/winarm/bin/../lib/gcc/arm-elf/4.1.1/thumb/interwork\libgcc.a(_fixsfsi.o)
 .data          0x40000da8        0x0 e:/asctec_arm_sdk/winarm/bin/../lib/gcc/arm-elf/4.1.1/../../../../arm-elf/lib/thumb/interwork\libg.a(errno.o)
 *(.data.*)
 *(.gnu.linkonce.d*)
                0x40000da8                . = ALIGN (0x4)
                0x40000da8                . = ALIGN (0x4)
                0x40000da8                _edata = .
                0x40000da8                PROVIDE (edata, .)

.bss            0x40000da8     0x480c
                0x40000da8                __bss_start = .
                0x40000da8                __bss_start__ = .
 *(.bss)
 .bss           0x40000da8        0x0 Common_WinARM/src/Startup.o
 .bss           0x40000da8        0x0 Common_WinARM/src/swi_handler.o
 .bss           0x40000da8       0x24 LL_HL_comm.o
                0x40000db2                transmitBuildInfoTrigger
                0x40000dae                wpCtrlNavStatus
                0x40000dac                wpCtrlAckTrigger
                0x40000dab                wpCtrlWpCmdUpdated
                0x40000db0                wpCtrlDistToWp
                0x40000daa                wpCtrlWpCmd
                0x40000da8                SSP_ack
 .bss           0x40000dcc        0x0 mymath.o
 .bss           0x40000dcc        0x4 gpsmath.o
                0x40000dcc                gpsDataOkTrigger
 .bss           0x40000dd0       0x20 sdk.o
                0x40000dd1                wpExampleActive
                0x40000dd2                emergencyModeUpdate
                0x40000dd0                wpExampleWpNr
 .bss           0x40000df0        0x3 sdk_telemetry.o
 *fill*         0x40000df3        0x1 00
 .bss           0x40000df4       0x14 buzzer.o
 .bss           0x40000e08        0x4 lpc_aci_eeprom.o
                0x40000e08                anz_param_saved
 .bss           0x40000e0c       0x74 asctecCommIntfOnboard.o
                0x40000e58                aciHeartBeatCnt
                0x40000e64                aciAddDatatoFlashCallback
                0x40000e10                aciListCmdCount
                0x40000e3a                aciParPacketMagicCode
                0x40000e74                aciSendSingleCount
                0x40000e60                aciReadWriteEndCallback
                0x40000e2e                aciCmdPacketMagicCode
                0x40000e68                aciReadParafromFlashCallback
                0x40000e5a                aciInhibitPacketTransmission
                0x40000e0c                aciListVarCount
                0x40000e31                aciCmdPacketWithACK
                0x40000e56                aciTxRingBufferReadPtr
                0x40000e34                aciCmdPacketSendAck
                0x40000e76                aciSendSingleNextBufferCount
                0x40000e48                aciEngineRateCounter
                0x40000e37                aciCmdPacketReceived
                0x40000e5c                aciReadWriteStartCallback
                0x40000e14                aciListParCount
                0x40000e1c                aciVarPacketCurrentSize
                0x40000e46                aciParamSaveIt
                0x40000e3d                aciParPacketSendAck
                0x40000e22                aciVarPacketNumberOfVars
                0x40000e54                aciTxRingBufferWritePtr
                0x40000e18                aciVarPacketMagicCode
                0x40000e28                aciVarPacketUpdated
                0x40000e70                aciWriteParatoFlashCallback
                0x40000e40                aciParamPacketReceived
                0x40000e43                aciParPacketRequest
                0x40000e6c                aciSaveParaCallback
 .bss           0x40000e80        0x0 buildInfoSetup.o
 .bss           0x40000e80       0x28 main.o
                0x40000e90                GPS_timeout
                0x40000e84                cnt
                0x40000e88                mainloop_cnt
                0x40000e99                fireflyLedEnabled
                0x40000e80                int_cnt
                0x40000e98                SYSTEM_initialized
                0x40000e94                trigger_cnt
                0x40000e8c                mainloop_trigger
                0x40000e9a                mainloop_overflows
 .bss           0x40000ea8        0x0 hardware.o
 .bss           0x40000ea8        0x0 system.o
 .bss           0x40000ea8      0x32c uart.o
                0x40000eaf                UART1_syncstate
                0x40000ead                baudrate1_change
                0x40000eaa                transmission_running
                0x40000eac                trigger_transmission
                0x40000eb4                UART1_rxcount
                0x40000ea8                data_requested
                0x40000ea9                chksum_to_check
                0x40000eb0                UART_rxcount
                0x40000eae                UART_syncstate
                0x40000eab                transmission1_running
                0x40000eb8                UART_CalibDoneFlag
 .bss           0x400011d4        0x4 syscalls.o
 .bss           0x400011d8       0x14 i2c.o
                0x400011e4                RdIndex
                0x400011d8                I2CMasterState
                0x400011dc                I2CSlaveState
                0x400011e0                I2CCount
                0x400011e8                WrIndex
 .bss           0x400011ec       0x14 i2c1.o
                0x400011f4                WrIndex1
                0x400011f0                I2C1Count
                0x400011ec                I2C1MasterState
                0x400011f8                lastI2c1Error
 .bss           0x40001200        0x0 Common_WinARM/src/irq.o
 .bss           0x40001200        0x8 adc.o
                0x40001204                ADC1IntDone
                0x40001200                ADC0IntDone
 .bss           0x40001208        0x4 ssp.o
                0x40001208                SSP_trans_cnt
 .bss           0x4000120c       0x24 pelican_ptu.o
                0x40001214                PTU_enable_plain_ch7_to_servo
                0x4000120c                PTU_cam_angle_roll_offset
                0x40001210                PTU_cam_angle_pitch_offset
 .bss           0x40001230        0x5 jetiTelemetry.o
                0x40001232                jetiTriggerTextSync
                0x40001234                jetiKey
                0x40001231                jetiAlarmType
                0x40001233                jetiKeyChanged
                0x40001230                jetiAlarm
 .bss           0x40001235        0x0 LPC2k_ee.o
 .bss           0x40001235        0x0 e:/asctec_arm_sdk/winarm/bin/../lib/gcc/arm-elf/4.1.1/../../../../arm-elf/lib/thumb/interwork\libc.a(memcpy.o)
 .bss           0x40001235        0x0 e:/asctec_arm_sdk/winarm/bin/../lib/gcc/arm-elf/4.1.1/../../../../arm-elf/lib/thumb/interwork\libc.a(printf.o)
 .bss           0x40001235        0x0 e:/asctec_arm_sdk/winarm/bin/../lib/gcc/arm-elf/4.1.1/../../../../arm-elf/lib/thumb/interwork\libc.a(puts.o)
 .bss           0x40001235        0x0 e:/asctec_arm_sdk/winarm/bin/../lib/gcc/arm-elf/4.1.1/../../../../arm-elf/lib/thumb/interwork\libc.a(sprintf.o)
 .bss           0x40001235        0x0 e:/asctec_arm_sdk/winarm/bin/../lib/gcc/arm-elf/4.1.1/../../../../arm-elf/lib/thumb/interwork\libc.a(strcpy.o)
 .bss           0x40001235        0x0 e:/asctec_arm_sdk/winarm/bin/../lib/gcc/arm-elf/4.1.1/../../../../arm-elf/lib/thumb/interwork\libc.a(strlen.o)
 .bss           0x40001235        0x0 e:/asctec_arm_sdk/winarm/bin/../lib/gcc/arm-elf/4.1.1/../../../../arm-elf/lib/thumb/interwork\libc.a(vfprintf.o)
 .bss           0x40001235        0x0 e:/asctec_arm_sdk/winarm/bin/../lib/gcc/arm-elf/4.1.1/../../../../arm-elf/lib/thumb/interwork\libc.a(wcrtomb.o)
 .bss           0x40001235        0x0 e:/asctec_arm_sdk/winarm/bin/../lib/gcc/arm-elf/4.1.1/../../../../arm-elf/lib/thumb/interwork\libc.a(wcsrtombs.o)
 .bss           0x40001235        0x0 e:/asctec_arm_sdk/winarm/bin/../lib/gcc/arm-elf/4.1.1/../../../../arm-elf/lib/thumb/interwork\libc.a(wctomb_r.o)
 .bss           0x40001235        0x0 e:/asctec_arm_sdk/winarm/bin/../lib/gcc/arm-elf/4.1.1/../../../../arm-elf/lib/thumb/interwork\libc.a(wsetup.o)
 .bss           0x40001235        0x0 e:/asctec_arm_sdk/winarm/bin/../lib/gcc/arm-elf/4.1.1/../../../../arm-elf/lib/thumb/interwork\libc.a(dtoa.o)
 .bss           0x40001235        0x0 e:/asctec_arm_sdk/winarm/bin/../lib/gcc/arm-elf/4.1.1/../../../../arm-elf/lib/thumb/interwork\libc.a(fflush.o)
 .bss           0x40001235        0x0 e:/asctec_arm_sdk/winarm/bin/../lib/gcc/arm-elf/4.1.1/../../../../arm-elf/lib/thumb/interwork\libc.a(findfp.o)
 .bss           0x40001235        0x0 e:/asctec_arm_sdk/winarm/bin/../lib/gcc/arm-elf/4.1.1/../../../../arm-elf/lib/thumb/interwork\libc.a(freer.o)
 .bss           0x40001235        0x0 e:/asctec_arm_sdk/winarm/bin/../lib/gcc/arm-elf/4.1.1/../../../../arm-elf/lib/thumb/interwork\libc.a(fvwrite.o)
 .bss           0x40001235        0x0 e:/asctec_arm_sdk/winarm/bin/../lib/gcc/arm-elf/4.1.1/../../../../arm-elf/lib/thumb/interwork\libc.a(fwalk.o)
 .bss           0x40001235        0x0 e:/asctec_arm_sdk/winarm/bin/../lib/gcc/arm-elf/4.1.1/../../../../arm-elf/lib/thumb/interwork\libc.a(impure.o)
 *fill*         0x40001235        0x3 00
 .bss           0x40001238        0xc e:/asctec_arm_sdk/winarm/bin/../lib/gcc/arm-elf/4.1.1/../../../../arm-elf/lib/thumb/interwork\libc.a(locale.o)
                0x40001238                __nlocale_changed
                0x4000123c                __mlocale_changed
                0x40001240                _PathLocale
 .bss           0x40001244        0x0 e:/asctec_arm_sdk/winarm/bin/../lib/gcc/arm-elf/4.1.1/../../../../arm-elf/lib/thumb/interwork\libc.a(makebuf.o)
 .bss           0x40001244       0x34 e:/asctec_arm_sdk/winarm/bin/../lib/gcc/arm-elf/4.1.1/../../../../arm-elf/lib/thumb/interwork\libc.a(mallocr.o)
                0x40001244                __malloc_top_pad
                0x40001248                __malloc_max_sbrked_mem
                0x40001250                __malloc_current_mallinfo
                0x4000124c                __malloc_max_total_mem
 .bss           0x40001278        0x0 e:/asctec_arm_sdk/winarm/bin/../lib/gcc/arm-elf/4.1.1/../../../../arm-elf/lib/thumb/interwork\libc.a(memchr.o)
 .bss           0x40001278        0x0 e:/asctec_arm_sdk/winarm/bin/../lib/gcc/arm-elf/4.1.1/../../../../arm-elf/lib/thumb/interwork\libc.a(memmove.o)
 .bss           0x40001278        0x0 e:/asctec_arm_sdk/winarm/bin/../lib/gcc/arm-elf/4.1.1/../../../../arm-elf/lib/thumb/interwork\libc.a(memset.o)
 .bss           0x40001278        0x0 e:/asctec_arm_sdk/winarm/bin/../lib/gcc/arm-elf/4.1.1/../../../../arm-elf/lib/thumb/interwork\libc.a(mlock.o)
 .bss           0x40001278        0x0 e:/asctec_arm_sdk/winarm/bin/../lib/gcc/arm-elf/4.1.1/../../../../arm-elf/lib/thumb/interwork\libc.a(mprec.o)
 .bss           0x40001278        0x0 e:/asctec_arm_sdk/winarm/bin/../lib/gcc/arm-elf/4.1.1/../../../../arm-elf/lib/thumb/interwork\libc.a(reallocr.o)
 .bss           0x40001278        0x0 e:/asctec_arm_sdk/winarm/bin/../lib/gcc/arm-elf/4.1.1/../../../../arm-elf/lib/thumb/interwork\libc.a(s_isinf.o)
 .bss           0x40001278        0x0 e:/asctec_arm_sdk/winarm/bin/../lib/gcc/arm-elf/4.1.1/../../../../arm-elf/lib/thumb/interwork\libc.a(s_isnan.o)
 .bss           0x40001278        0x0 e:/asctec_arm_sdk/winarm/bin/../lib/gcc/arm-elf/4.1.1/../../../../arm-elf/lib/thumb/interwork\libc.a(stdio.o)
 .bss           0x40001278        0x0 e:/asctec_arm_sdk/winarm/bin/../lib/gcc/arm-elf/4.1.1/../../../../arm-elf/lib/thumb/interwork\libc.a(strcmp.o)
 .bss           0x40001278        0x0 e:/asctec_arm_sdk/winarm/bin/../lib/gcc/arm-elf/4.1.1/../../../../arm-elf/lib/thumb/interwork\libc.a(callocr.o)
 .bss           0x40001278        0x0 e:/asctec_arm_sdk/winarm/bin/../lib/gcc/arm-elf/4.1.1/../../../../arm-elf/lib/thumb/interwork\libc.a(fclose.o)
 .bss           0x40001278        0x0 e:/asctec_arm_sdk/winarm/bin/../lib/gcc/arm-elf/4.1.1/thumb/interwork\libgcc.a(_udivsi3.o)
 .bss           0x40001278        0x0 e:/asctec_arm_sdk/winarm/bin/../lib/gcc/arm-elf/4.1.1/thumb/interwork\libgcc.a(_divsi3.o)
 .bss           0x40001278        0x0 e:/asctec_arm_sdk/winarm/bin/../lib/gcc/arm-elf/4.1.1/thumb/interwork\libgcc.a(_umodsi3.o)
 .bss           0x40001278        0x0 e:/asctec_arm_sdk/winarm/bin/../lib/gcc/arm-elf/4.1.1/thumb/interwork\libgcc.a(_modsi3.o)
 .bss           0x40001278        0x0 e:/asctec_arm_sdk/winarm/bin/../lib/gcc/arm-elf/4.1.1/thumb/interwork\libgcc.a(_dvmd_tls.o)
 .bss           0x40001278        0x0 e:/asctec_arm_sdk/winarm/bin/../lib/gcc/arm-elf/4.1.1/thumb/interwork\libgcc.a(_addsubdf3.o)
 .bss           0x40001278        0x0 e:/asctec_arm_sdk/winarm/bin/../lib/gcc/arm-elf/4.1.1/thumb/interwork\libgcc.a(_muldivdf3.o)
 .bss           0x40001278        0x0 e:/asctec_arm_sdk/winarm/bin/../lib/gcc/arm-elf/4.1.1/thumb/interwork\libgcc.a(_cmpdf2.o)
 .bss           0x40001278        0x0 e:/asctec_arm_sdk/winarm/bin/../lib/gcc/arm-elf/4.1.1/thumb/interwork\libgcc.a(_fixdfsi.o)
 .bss           0x40001278      0xcc4 ./\libdeclination.a(declination.o)
                0x40001278                estimatedDeclination
                0x4000127c                estimatedInclination
                0x40001280                declinationAvailable
 .bss           0x40001f3c       0x28 ./\libublox.a(ublox.o)
                0x40001f48                urVersionCheck
                0x40001f46                urAckId
                0x40001f4a                urMsgCnt
                0x40001f3c                urTimeCnt
                0x40001f4c                ubloxVersion
                0x40001f44                urAckReceived
                0x40001f47                urConfigMessageReceived
                0x40001f40                GPS_raw_data_size
                0x40001f45                urAckClass
 .bss           0x40001f64        0x0 e:/asctec_arm_sdk/winarm/bin/../lib/gcc/arm-elf/4.1.1/../../../../arm-elf/lib/thumb/interwork\libm.a(s_cos.o)
 .bss           0x40001f64        0x0 e:/asctec_arm_sdk/winarm/bin/../lib/gcc/arm-elf/4.1.1/../../../../arm-elf/lib/thumb/interwork\libm.a(s_sin.o)
 .bss           0x40001f64        0x0 e:/asctec_arm_sdk/winarm/bin/../lib/gcc/arm-elf/4.1.1/../../../../arm-elf/lib/thumb/interwork\libm.a(w_atan2.o)
 .bss           0x40001f64        0x0 e:/asctec_arm_sdk/winarm/bin/../lib/gcc/arm-elf/4.1.1/../../../../arm-elf/lib/thumb/interwork\libm.a(w_sqrt.o)
 .bss           0x40001f64        0x0 e:/asctec_arm_sdk/winarm/bin/../lib/gcc/arm-elf/4.1.1/../../../../arm-elf/lib/thumb/interwork\libm.a(e_atan2.o)
 .bss           0x40001f64        0x0 e:/asctec_arm_sdk/winarm/bin/../lib/gcc/arm-elf/4.1.1/../../../../arm-elf/lib/thumb/interwork\libm.a(e_rem_pio2.o)
 .bss           0x40001f64        0x0 e:/asctec_arm_sdk/winarm/bin/../lib/gcc/arm-elf/4.1.1/../../../../arm-elf/lib/thumb/interwork\libm.a(e_sqrt.o)
 .bss           0x40001f64        0x0 e:/asctec_arm_sdk/winarm/bin/../lib/gcc/arm-elf/4.1.1/../../../../arm-elf/lib/thumb/interwork\libm.a(k_cos.o)
 .bss           0x40001f64        0x0 e:/asctec_arm_sdk/winarm/bin/../lib/gcc/arm-elf/4.1.1/../../../../arm-elf/lib/thumb/interwork\libm.a(k_rem_pio2.o)
 .bss           0x40001f64        0x0 e:/asctec_arm_sdk/winarm/bin/../lib/gcc/arm-elf/4.1.1/../../../../arm-elf/lib/thumb/interwork\libm.a(k_sin.o)
 .bss           0x40001f64        0x0 e:/asctec_arm_sdk/winarm/bin/../lib/gcc/arm-elf/4.1.1/../../../../arm-elf/lib/thumb/interwork\libm.a(s_atan.o)
 .bss           0x40001f64        0x0 e:/asctec_arm_sdk/winarm/bin/../lib/gcc/arm-elf/4.1.1/../../../../arm-elf/lib/thumb/interwork\libm.a(s_fabs.o)
 .bss           0x40001f64        0x0 e:/asctec_arm_sdk/winarm/bin/../lib/gcc/arm-elf/4.1.1/../../../../arm-elf/lib/thumb/interwork\libm.a(s_floor.o)
 .bss           0x40001f64        0x0 e:/asctec_arm_sdk/winarm/bin/../lib/gcc/arm-elf/4.1.1/../../../../arm-elf/lib/thumb/interwork\libm.a(s_lib_ver.o)
 .bss           0x40001f64        0x0 e:/asctec_arm_sdk/winarm/bin/../lib/gcc/arm-elf/4.1.1/../../../../arm-elf/lib/thumb/interwork\libm.a(s_matherr.o)
 .bss           0x40001f64        0x0 e:/asctec_arm_sdk/winarm/bin/../lib/gcc/arm-elf/4.1.1/../../../../arm-elf/lib/thumb/interwork\libm.a(s_scalbn.o)
 .bss           0x40001f64        0x0 e:/asctec_arm_sdk/winarm/bin/../lib/gcc/arm-elf/4.1.1/../../../../arm-elf/lib/thumb/interwork\libm.a(s_copysign.o)
 .bss           0x40001f64        0x0 e:/asctec_arm_sdk/winarm/bin/../lib/gcc/arm-elf/4.1.1/thumb/interwork\libgcc.a(_truncdfsf2.o)
 .bss           0x40001f64        0x0 e:/asctec_arm_sdk/winarm/bin/../lib/gcc/arm-elf/4.1.1/thumb/interwork\libgcc.a(_addsubsf3.o)
 .bss           0x40001f64        0x0 e:/asctec_arm_sdk/winarm/bin/../lib/gcc/arm-elf/4.1.1/thumb/interwork\libgcc.a(_muldivsf3.o)
 .bss           0x40001f64        0x0 e:/asctec_arm_sdk/winarm/bin/../lib/gcc/arm-elf/4.1.1/thumb/interwork\libgcc.a(_cmpsf2.o)
 .bss           0x40001f64        0x0 e:/asctec_arm_sdk/winarm/bin/../lib/gcc/arm-elf/4.1.1/thumb/interwork\libgcc.a(_fixsfsi.o)
 .bss           0x40001f64        0x0 e:/asctec_arm_sdk/winarm/bin/../lib/gcc/arm-elf/4.1.1/../../../../arm-elf/lib/thumb/interwork\libg.a(errno.o)
 *(.gnu.linkonce.b*)
 *(COMMON)
 COMMON         0x40001f64       0xb0 LL_HL_comm.o
                0x40001f64                LL_1khz_attitude_data
                0x40001fc0                LL_1khz_control_input
                0x40001ff8                wpToLL
 COMMON         0x40002014       0x58 gpsmath.o
                0x40002014                GPS_Data
                0x40002040                gps_data_temp
 COMMON         0x4000206c       0xd1 sdk.o
                0x4000206c                WO_CTRL_Input
                0x40002078                WO_Direct_Motor_Control
                0x4000207c                WO_Direct_Individual_Motor_Control
                0x40002088                WO_SDK
                0x4000208c                RO_RC_Data
                0x4000209c                last_bit
                0x400020a0                laser_distance
                0x400020a2                byte_read
                0x400020a4                RO_ALL_Data
                0x4000213c                emergencyMode
 *fill*         0x4000213d        0x3 00
 COMMON         0x40002140      0x100 lpc_aci_eeprom.o
                0x40002140                content
 COMMON         0x40002240     0x2b42 asctecCommIntfOnboard.o
                0x40002240                aciSendSingleId
                0x400022cc                aciParPacketContentBuffer
                0x4000277c                aciSendSingleBufferCnt
                0x40002808                aciListPar
                0x40002bbe                aciParPacketSelect
                0x40002d3e                aciSendSingleBuffer
                0x40002f6e                aciParPacketSelectLength
                0x40002f71                aciCmdPacketSelectLength
                0x40002f74                aciCmdPacketContentBuffer
                0x40003424                aciVarPacketContentBuffer
                0x40003ab4                aciCmdPacketSelect
                0x40003c34                aciTxRingBuffer
                0x40003cd4                aciVarPacketTypeList
                0x40003d94                aciListVar
                0x400042c6                aciParPacketContentBufferValid
                0x400042ca                aciSendSingleStatus
                0x40004358                aciVarPacketPtrList
                0x40004658                aciParPacketContentBufferLength
                0x4000465e                aciCmdPacketContentBufferInvalidCnt
                0x40004662                aciVarPacketContentBufferLength
                0x40004668                aciListCmd
                0x40004a1e                aciSendSingleVarType
                0x40004a64                aciRxDataCnt
                0x40004a68                aciStartTxCallback
                0x40004a6c                aciRxDataBuffer
                0x40004bec                aciParPacketContentBufferInvalidCnt
                0x40004bef                aciCmdPacketContentBufferValid
                0x40004bf4                aciReadDatafromFlashCallback
                0x40004bf8                aciCmdPacketContentBufferLength
                0x40004bfe                aciVarPacketSelectLength